<html>
<body>
<pre>
<h1>礦ision Build Log</h1>
<h2>Tool Versions:</h2>
IDE-Version: μVision V5.15
Copyright (C) 2015 ARM Ltd and ARM Germany GmbH. All rights reserved.
License Information: 偶哈哈 Microsoft, Microsoft, LIC=Y2B45-GRZ7L-QIR5M-XU4RF-YVSY5-HL1T8
 
Tool Versions:
Toolchain:       MDK-ARM Professional  Version: 5.15.0
Toolchain Path:  d:\Keil_v5\ARM\ARMCC\Bin
C Compiler:      Armcc.exe V5.05 update 2 (build 169)
Assembler:       Armasm.exe V5.05 update 2 (build 169)
Linker/Locator:  ArmLink.exe V5.05 update 2 (build 169)
Library Manager: ArmAr.exe V5.05 update 2 (build 169)
Hex Converter:   FromElf.exe V5.05 update 2 (build 169)
CPU DLL:         SARMCM3.DLL V5.15.0
Dialog DLL:      DCM.DLL V1.13.2.0
Target DLL:      Segger\JL2CM3.dll V2.99.15.0
Dialog DLL:      TCM.DLL V1.14.5.0
 
<h2>Project:</h2>
C:\Users\Administrator\Desktop\有线手柄程序\USER\Template.uvprojx
Project File Date:  01/24/2018

<h2>Output:</h2>
*** Using Compiler 'V5.05 update 2 (build 169)', folder: 'd:\Keil_v5\ARM\ARMCC\Bin'
Build target 'Template'
compiling PCI.c...
..\USER\app.h(209): warning:  #1295-D: Deprecated declaration PS2_ClearData - give arg types
  void PS2_ClearData();
..\USER\app.h(211): warning:  #1295-D: Deprecated declaration PS2_DataKey - give arg types
  u8 PS2_DataKey();
..\BSP\usart.h(10): warning:  #1295-D: Deprecated declaration Correspond_Receipt - give arg types
  void Correspond_Receipt();
..\BSP\usart.h(11): warning:  #1295-D: Deprecated declaration Communication_request - give arg types
  void Communication_request();
..\BSP\PCI.c: 4 warnings, 0 errors
linking...
Program Size: Code=82328 RO-data=2872 RW-data=452 ZI-data=27892  
FromELF: creating hex file...
"..\OBJ\Template.axf" - 0 Error(s), 4 Warning(s).

<h2>Collection of Component include folders:</h2>
  C:\Users\Administrator\Desktop\有线手柄程序\USER\RTE
  d:\Keil_v5\ARM\PACK\Keil\STM32F4xx_DFP\2.11.0\Drivers\CMSIS\Device\ST\STM32F4xx\Include

<h2>Collection of Component Files used:</h2>
</pre>
</body>
</html>
