Component: ARM Compiler 5.05 update 2 (build 169) Tool: armlink [4d0f33]

==============================================================================

Section Cross References

    main.o(.text) refers to os_core.o(.text) for OSInit
    main.o(.text) refers to cpu_a.o(.text) for CPU_SR_Save
    main.o(.text) refers to pci.o(.text) for BSP_Init
    main.o(.text) refers to app.o(.text) for create_star_task
    main.o(.text) refers to os_var.o(.data) for OSSchedLockNestingCtr
    stm32f4xx_it.o(.text) refers to os_core.o(.text) for OSIntEnter
    stm32f4xx_it.o(.text) refers to stm32f4xx_exti.o(.text) for EXTI_GetFlagStatus
    stm32f4xx_it.o(.text) refers to stm32f4xx_gpio.o(.text) for GPIO_ReadInputDataBit
    stm32f4xx_it.o(.text) refers to can.o(.text) for Send_underpan
    stm32f4xx_it.o(.text) refers to stm32f4xx_tim.o(.text) for TIM_GetFlagStatus
    stm32f4xx_it.o(.text) refers to throw_task.o(.text) for throw_stop
    stm32f4xx_it.o(.text) refers to iwdg_task.o(.text) for IWDG_Feed
    stm32f4xx_it.o(.text) refers to motor_control.o(.text) for Motor_SetSpeed
    stm32f4xx_it.o(.text) refers to stm32f4xx_usart.o(.text) for USART_GetITStatus
    stm32f4xx_it.o(.text) refers to stm32f4xx_it.o(.data) for Photoelectric_flag
    stm32f4xx_it.o(.text) refers to command_task.o(.data) for calibration_speed
    stm32f4xx_it.o(.text) refers to throw_task.o(.data) for place
    stm32f4xx_it.o(.text) refers to throw_task.o(.bss) for TZ1
    stm32f4xx_it.o(.text) refers to motor_driver_task.o(.bss) for UNDER1_MLCB
    stm32f4xx_it.o(.text) refers to os_sem.o(.text) for OSSemPost
    stm32f4xx_it.o(.text) refers to stm32f4xx_can.o(.text) for CAN_GetITStatus
    stm32f4xx_it.o(.text) refers to hand_task.o(.data) for UART_CH
    stm32f4xx_it.o(.text) refers to hand_task.o(.bss) for Handle_Sem
    stm32f4xx_it.o(.text) refers to stm32f4xx_it.o(.bss) for printf_speed
    system_stm32f4xx.o(.text) refers to system_stm32f4xx.o(.data) for SystemCoreClock
    startup_stm32f40_41xxx.o(STACK) refers (Special) to heapauxi.o(.text) for __use_two_region_memory
    startup_stm32f40_41xxx.o(HEAP) refers (Special) to heapauxi.o(.text) for __use_two_region_memory
    startup_stm32f40_41xxx.o(RESET) refers (Special) to heapauxi.o(.text) for __use_two_region_memory
    startup_stm32f40_41xxx.o(RESET) refers to startup_stm32f40_41xxx.o(STACK) for __initial_sp
    startup_stm32f40_41xxx.o(RESET) refers to startup_stm32f40_41xxx.o(.text) for Reset_Handler
    startup_stm32f40_41xxx.o(RESET) refers to stm32f4xx_it.o(.text) for NMI_Handler
    startup_stm32f40_41xxx.o(RESET) refers to os_cpu_a.o(CODE) for PendSV_Handler
    startup_stm32f40_41xxx.o(RESET) refers to delay.o(.text) for SysTick_Handler
    startup_stm32f40_41xxx.o(.text) refers (Special) to heapauxi.o(.text) for __use_two_region_memory
    startup_stm32f40_41xxx.o(.text) refers to system_stm32f4xx.o(.text) for SystemInit
    startup_stm32f40_41xxx.o(.text) refers to __main.o(!!!main) for __main
    startup_stm32f40_41xxx.o(.text) refers to startup_stm32f40_41xxx.o(HEAP) for Heap_Mem
    startup_stm32f40_41xxx.o(.text) refers to startup_stm32f40_41xxx.o(STACK) for Stack_Mem
    stm32f4xx_gpio.o(.text) refers to stm32f4xx_rcc.o(.text) for RCC_AHB1PeriphResetCmd
    stm32f4xx_rcc.o(.text) refers to stm32f4xx_rcc.o(.data) for APBAHBPrescTable
    stm32f4xx_syscfg.o(.text) refers to stm32f4xx_rcc.o(.text) for RCC_APB2PeriphResetCmd
    stm32f4xx_usart.o(.text) refers to stm32f4xx_rcc.o(.text) for RCC_APB2PeriphResetCmd
    stm32f4xx_adc.o(.text) refers to stm32f4xx_rcc.o(.text) for RCC_APB2PeriphResetCmd
    stm32f4xx_can.o(.text) refers to stm32f4xx_rcc.o(.text) for RCC_APB1PeriphResetCmd
    stm32f4xx_cryp.o(.text) refers to stm32f4xx_rcc.o(.text) for RCC_AHB2PeriphResetCmd
    stm32f4xx_cryp_aes.o(.text) refers to stm32f4xx_cryp.o(.text) for CRYP_KeyStructInit
    stm32f4xx_cryp_des.o(.text) refers to stm32f4xx_cryp.o(.text) for CRYP_KeyStructInit
    stm32f4xx_cryp_tdes.o(.text) refers to stm32f4xx_cryp.o(.text) for CRYP_KeyStructInit
    stm32f4xx_dac.o(.text) refers to stm32f4xx_rcc.o(.text) for RCC_APB1PeriphResetCmd
    stm32f4xx_dma2d.o(.text) refers to stm32f4xx_rcc.o(.text) for RCC_AHB1PeriphResetCmd
    stm32f4xx_fsmc.o(.text) refers to stm32f4xx_fsmc.o(.constdata) for FSMC_DefaultTimingStruct
    stm32f4xx_hash.o(.text) refers to stm32f4xx_rcc.o(.text) for RCC_AHB2PeriphResetCmd
    stm32f4xx_hash_md5.o(.text) refers to stm32f4xx_hash.o(.text) for HASH_DeInit
    stm32f4xx_hash_sha1.o(.text) refers to stm32f4xx_hash.o(.text) for HASH_DeInit
    stm32f4xx_i2c.o(.text) refers to stm32f4xx_rcc.o(.text) for RCC_APB1PeriphResetCmd
    stm32f4xx_ltdc.o(.text) refers to stm32f4xx_rcc.o(.text) for RCC_APB2PeriphResetCmd
    stm32f4xx_pwr.o(.text) refers to stm32f4xx_rcc.o(.text) for RCC_APB1PeriphResetCmd
    stm32f4xx_rng.o(.text) refers to stm32f4xx_rcc.o(.text) for RCC_AHB2PeriphResetCmd
[...]
    OS_CPU_SysTickInit                       0x0800cc35   Thumb Code    44  os_cpu_c.o(.text)
    LCD_GPIO_Config                          0x0800cca1   Thumb Code    22  rbc_lcd.o(.text)
    Send_data                                0x0800ccb7   Thumb Code    92  rbc_lcd.o(.text)
    Send_Command                             0x0800cd13   Thumb Code    92  rbc_lcd.o(.text)
    LCD_set_XY                               0x0800cd6f   Thumb Code    44  rbc_lcd.o(.text)
    Clear_LCD                                0x0800cd9b   Thumb Code    42  rbc_lcd.o(.text)
    ROC_LCD_Init                             0x0800cdc5   Thumb Code    98  rbc_lcd.o(.text)
    LCD_write_char                           0x0800ce27   Thumb Code    44  rbc_lcd.o(.text)
    LCD_Write_string                         0x0800ce53   Thumb Code    34  rbc_lcd.o(.text)
    int2str                                  0x0800ce75   Thumb Code    86  rbc_lcd.o(.text)
    LCD_Display_int                          0x0800cecb   Thumb Code    44  rbc_lcd.o(.text)
    float2str                                0x0800cef7   Thumb Code   140  rbc_lcd.o(.text)
    LCD_Display_float                        0x0800cf83   Thumb Code    56  rbc_lcd.o(.text)
    Servo_Set_Function                       0x0800cfd1   Thumb Code   176  motor_control.o(.text)
    Servo_Param_Set                          0x0800d081   Thumb Code    78  motor_control.o(.text)
    Create_MLServo_CB                        0x0800d0cf   Thumb Code    20  motor_control.o(.text)
    MLServo_Write                            0x0800d0e3   Thumb Code   140  motor_control.o(.text)
    Motor_MastSpeed                          0x0800d16f   Thumb Code   116  motor_control.o(.text)
    Motor_MinSpeed                           0x0800d1e3   Thumb Code    86  motor_control.o(.text)
    Motor_SetSpeed                           0x0800d239   Thumb Code    86  motor_control.o(.text)
    Motor_AccelSpeed                         0x0800d28f   Thumb Code   116  motor_control.o(.text)
    Motor_AbsolutePlace                      0x0800d303   Thumb Code   100  motor_control.o(.text)
    Motor_ToAbsolutePlace                    0x0800d367   Thumb Code   100  motor_control.o(.text)
    Motor_ToRelativePlace                    0x0800d3cb   Thumb Code    90  motor_control.o(.text)
    Motor_P_SET                              0x0800d425   Thumb Code    82  motor_control.o(.text)
    Motor_Code_Set                           0x0800d477   Thumb Code    84  motor_control.o(.text)
    Motor_Speed_Mode                         0x0800d4cb   Thumb Code    82  motor_control.o(.text)
    Motor_Position_Mode                      0x0800d51d   Thumb Code    84  motor_control.o(.text)
    Motor_PeakCurrent_Set                    0x0800d571   Thumb Code    82  motor_control.o(.text)
    Motor_ContinuousCurrent_Set              0x0800d5c3   Thumb Code    82  motor_control.o(.text)
    Motor_AbsolutePosition_Set               0x0800d615   Thumb Code    82  motor_control.o(.text)
    Motor_RelativePosition_Set               0x0800d667   Thumb Code    82  motor_control.o(.text)
    Motor_SBS                                0x0800d6b9   Thumb Code    78  motor_control.o(.text)
    Motor_CBS                                0x0800d707   Thumb Code    78  motor_control.o(.text)
    Motor_Save_Param                         0x0800d755   Thumb Code    84  motor_control.o(.text)
    ABS_int                                  0x0800d7a9   Thumb Code    14  function.o(.text)
    ABS_float                                0x0800d7b7   Thumb Code    52  function.o(.text)
    CAN_Config                               0x0800d7f5   Thumb Code   350  can.o(.text)
    CAN_Send_Msg                             0x0800d953   Thumb Code   150  can.o(.text)
    Send_underpan                            0x0800d9e9   Thumb Code   126  can.o(.text)
    CAN_Receive_Msg                          0x0800da67   Thumb Code    34  can.o(.text)
    GPIO_Config                              0x0800da91   Thumb Code    66  gpio.o(.text)
    NVIC_Config                              0x0800dad3   Thumb Code    34  nvic.o(.text)
    TIM_Timing_Config                        0x0800daf5   Thumb Code   302  time.o(.text)
    TIM_Capture_Config                       0x0800dc23   Thumb Code   108  time.o(.text)
    TIM_PWM_Config                           0x0800dc8f   Thumb Code   156  time.o(.text)
    TIM_ENCODER_Config                       0x0800dd2b   Thumb Code   270  time.o(.text)
    KEY_Init                                 0x0800de41   Thumb Code    84  pci.o(.text)
    Key_Scan                                 0x0800de95   Thumb Code    76  pci.o(.text)
    BEED_Init                                0x0800dee1   Thumb Code    28  pci.o(.text)
    LED_Init                                 0x0800defd   Thumb Code   102  pci.o(.text)
    Encoder_Init                             0x0800df63   Thumb Code   152  pci.o(.text)
    TIM4_Init                                0x0800dffb   Thumb Code    34  pci.o(.text)
    TIM9_Init                                0x0800e01d   Thumb Code    34  pci.o(.text)
    TIM5_Init                                0x0800e03f   Thumb Code    34  pci.o(.text)
    TIM7_Init                                0x0800e061   Thumb Code    36  pci.o(.text)
    RELAVY_Init                              0x0800e085   Thumb Code   196  pci.o(.text)
    PS2_ShortPoll                            0x0800e149   Thumb Code    60  pci.o(.text)
    PS2_EnterConfing                         0x0800e185   Thumb Code    84  pci.o(.text)
    PS2_TurnOnAnalogMode                     0x0800e1d9   Thumb Code    78  pci.o(.text)
    PS2_VibrationMode                        0x0800e227   Thumb Code   118  pci.o(.text)
    PS2_VibrationMode_on                     0x0800e29d   Thumb Code    84  pci.o(.text)
    PS2_ExitConfing                          0x0800e2f1   Thumb Code    84  pci.o(.text)
    PS2_SetInit                              0x0800e345   Thumb Code    32  pci.o(.text)
    Model_Aircraft_Init                      0x0800e365   Thumb Code    68  pci.o(.text)
    SERVO_Init                               0x0800e3a9   Thumb Code   146  pci.o(.text)
    DI_Init                                  0x0800e43b   Thumb Code   278  pci.o(.text)
    Mode_Init                                0x0800e551   Thumb Code   156  pci.o(.text)
    BSP_Init                                 0x0800e5ed   Thumb Code    38  pci.o(.text)
    Exti_config                              0x0800e685   Thumb Code    86  exti.o(.text)
    star_task                                0x0800e6e5   Thumb Code   260  app.o(.text)
    create_star_task                         0x0800e7e9   Thumb Code    56  app.o(.text)
    IWDG_Feed                                0x0800e841   Thumb Code     8  iwdg_task.o(.text)
    create_IWDG_task                         0x0800e857   Thumb Code    54  iwdg_task.o(.text)
    PS2_Cmd                                  0x0800e8a9   Thumb Code   124  hand_task.o(.text)
    PS2_ClearData                            0x0800e925   Thumb Code    68  hand_task.o(.text)
    PS2_ReadData                             0x0800e969   Thumb Code   172  hand_task.o(.text)
    PS2_DataKey                              0x0800ea15   Thumb Code   102  hand_task.o(.text)
    create_hand_task                         0x0800eaf1   Thumb Code    56  hand_task.o(.text)
    fputc                                    0x0800eb6d   Thumb Code    22  printf_task.o(.text)
    fgetc                                    0x0800eb83   Thumb Code    28  printf_task.o(.text)
    asy_printf                               0x0800eb9f   Thumb Code   106  printf_task.o(.text)
    put_char                                 0x0800ec09   Thumb Code    22  printf_task.o(.text)
    retarget_init                            0x0800ec75   Thumb Code    74  printf_task.o(.text)
    create_connect_task                      0x0800ed1d   Thumb Code    54  connect_task.o(.text)
    create_display_task                      0x0800ee0f   Thumb Code    54  display.o(.text)
    ADRC_Init                                0x0800eec5   Thumb Code    60  throw_task.o(.text)
    Sign                                     0x0800ef01   Thumb Code    84  throw_task.o(.text)
    fsg                                      0x0800ef55   Thumb Code    58  throw_task.o(.text)
    fhan                                     0x0800ef8f   Thumb Code   432  throw_task.o(.text)
    Nolinear_conbination                     0x0800f13f   Thumb Code   308  throw_task.o(.text)
    TD_Nolinear_PID                          0x0800f273   Thumb Code   164  throw_task.o(.text)
    throw_init                               0x0800f317   Thumb Code   176  throw_task.o(.text)
    throw_ball                               0x0800f3c7   Thumb Code   888  throw_task.o(.text)
    throw_stop                               0x0800f73f   Thumb Code  1542  throw_task.o(.text)
    throw_stop1                              0x0800fd45   Thumb Code   218  throw_task.o(.text)
    throw_adjust                             0x0800fe1f   Thumb Code   178  throw_task.o(.text)
    throw_AbsolutePosition                   0x0800fed1   Thumb Code    78  throw_task.o(.text)
    create_throw_task                        0x080100a5   Thumb Code    54  throw_task.o(.text)
    create_key_task                          0x080101eb   Thumb Code    54  key.o(.text)
    __aeabi_uldivmod                         0x08010251   Thumb Code     0  lludivv7m.o(.text)
    _ll_udiv                                 0x08010251   Thumb Code   238  lludivv7m.o(.text)
    vsprintf                                 0x08010341   Thumb Code    32  vsprintf.o(.text)
    strlen                                   0x08010365   Thumb Code    62  strlen.o(.text)
    __aeabi_memcpy                           0x080103a3   Thumb Code     0  rt_memcpy_v6.o(.text)
    __rt_memcpy                              0x080103a3   Thumb Code   138  rt_memcpy_v6.o(.text)
    _memcpy_lastbytes                        0x08010409   Thumb Code     0  rt_memcpy_v6.o(.text)
    __use_two_region_memory                  0x0801042d   Thumb Code     2  heapauxi.o(.text)
    __rt_heap_escrow$2region                 0x0801042f   Thumb Code     2  heapauxi.o(.text)
    __rt_heap_expand$2region                 0x08010431   Thumb Code     2  heapauxi.o(.text)
    __read_errno                             0x08010433   Thumb Code    10  _rserrno.o(.text)
    __set_errno                              0x0801043d   Thumb Code    12  _rserrno.o(.text)
    _printf_pre_padding                      0x08010449   Thumb Code    44  _printf_pad.o(.text)
    _printf_post_padding                     0x08010475   Thumb Code    34  _printf_pad.o(.text)
    _printf_truncate_signed                  0x08010497   Thumb Code    18  _printf_truncate.o(.text)
    _printf_truncate_unsigned                0x080104a9   Thumb Code    18  _printf_truncate.o(.text)
    _printf_str                              0x080104bb   Thumb Code    82  _printf_str.o(.text)
    _printf_int_dec                          0x0801050d   Thumb Code   104  _printf_dec.o(.text)
    _printf_charcount                        0x08010585   Thumb Code    40  _printf_charcount.o(.text)
    _printf_char_common                      0x080105b7   Thumb Code    32  _printf_char_common.o(.text)
    _sputc                                   0x080105dd   Thumb Code    10  _sputc.o(.text)
    _printf_wctomb                           0x080105e9   Thumb Code   182  _printf_wctomb.o(.text)
    _printf_longlong_dec                     0x080106a5   Thumb Code   108  _printf_longlong_dec.o(.text)
    _printf_longlong_oct                     0x08010721   Thumb Code    68  _printf_oct_int_ll.o(.text)
    _printf_int_oct                          0x08010765   Thumb Code    24  _printf_oct_int_ll.o(.text)
    _printf_ll_oct                           0x0801077d   Thumb Code    12  _printf_oct_int_ll.o(.text)
    _printf_longlong_hex                     0x08010791   Thumb Code    86  _printf_hex_int_ll_ptr.o(.text)
    _printf_int_hex                          0x080107e7   Thumb Code    28  _printf_hex_int_ll_ptr.o(.text)
    _printf_ll_hex                           0x08010803   Thumb Code    12  _printf_hex_int_ll_ptr.o(.text)
    _printf_hex_ptr                          0x0801080f   Thumb Code    18  _printf_hex_int_ll_ptr.o(.text)
    __printf                                 0x08010825   Thumb Code   388  __printf_flags_ss_wp.o(.text)
    __aeabi_memcpy4                          0x080109ad   Thumb Code     0  rt_memcpy_w.o(.text)
    __aeabi_memcpy8                          0x080109ad   Thumb Code     0  rt_memcpy_w.o(.text)
    __rt_memcpy_w                            0x080109ad   Thumb Code   100  rt_memcpy_w.o(.text)
    _memcpy_lastbytes_aligned                0x080109f5   Thumb Code     0  rt_memcpy_w.o(.text)
    __aeabi_errno_addr                       0x08010a11   Thumb Code     8  rt_errno_addr_intlibspace.o(.text)
    __errno$intlibspace                      0x08010a11   Thumb Code     0  rt_errno_addr_intlibspace.o(.text)
    __rt_errno_addr$intlibspace              0x08010a11   Thumb Code     0  rt_errno_addr_intlibspace.o(.text)
    _ll_udiv10                               0x08010a19   Thumb Code   138  lludiv10.o(.text)
    _printf_int_common                       0x08010aa3   Thumb Code   178  _printf_intcommon.o(.text)
    __lib_sel_fp_printf                      0x08010b55   Thumb Code     2  _printf_fp_dec.o(.text)
    _printf_fp_dec_real                      0x08010d03   Thumb Code   620  _printf_fp_dec.o(.text)
    _printf_fp_hex_real                      0x08010f71   Thumb Code   754  _printf_fp_hex.o(.text)
    _printf_cs_common                        0x0801126d   Thumb Code    20  _printf_char.o(.text)
    _printf_char                             0x08011281   Thumb Code    16  _printf_char.o(.text)
    _printf_string                           0x08011291   Thumb Code     8  _printf_char.o(.text)
    _printf_lcs_common                       0x08011299   Thumb Code    20  _printf_wchar.o(.text)
    _printf_wchar                            0x080112ad   Thumb Code    16  _printf_wchar.o(.text)
    _printf_wstring                          0x080112bd   Thumb Code     8  _printf_wchar.o(.text)
    _wcrtomb                                 0x080112c5   Thumb Code    64  _wcrtomb.o(.text)
    __user_libspace                          0x08011305   Thumb Code     8  libspace.o(.text)
    __user_perproc_libspace                  0x08011305   Thumb Code     0  libspace.o(.text)
    __user_perthread_libspace                0x08011305   Thumb Code     0  libspace.o(.text)
    __user_setup_stackheap                   0x0801130d   Thumb Code    74  sys_stackheap_outer.o(.text)
    __rt_ctype_table                         0x08011359   Thumb Code    16  rt_ctype_table.o(.text)
    __rt_locale                              0x08011369   Thumb Code     8  rt_locale_intlibspace.o(.text)
    _printf_fp_infnan                        0x08011371   Thumb Code   112  _printf_fp_infnan.o(.text)
    _btod_etento                             0x080113f1   Thumb Code   216  bigflt0.o(.text)
    exit                                     0x080114cd   Thumb Code    12  exit.o(.text)
    strcmp                                   0x080114d9   Thumb Code   128  strcmpv7m.o(.text)
    _sys_exit                                0x08011559   Thumb Code     8  sys_exit.o(.text)
    __I$use$semihosting                      0x08011565   Thumb Code     0  use_no_semi.o(.text)
    __use_no_semihosting_swi                 0x08011565   Thumb Code     2  use_no_semi.o(.text)
    __semihosting_library_function           0x08011567   Thumb Code     0  indicate_semi.o(.text)
    _btod_d2e                                0x08011567   Thumb Code    62  btod.o(CL$$btod_d2e)
    _d2e_denorm_low                          0x080115a5   Thumb Code    70  btod.o(CL$$btod_d2e_denorm_low)
    _d2e_norm_op1                            0x080115eb   Thumb Code    96  btod.o(CL$$btod_d2e_norm_op1)
    __btod_div_common                        0x0801164b   Thumb Code   696  btod.o(CL$$btod_div_common)
    _e2e                                     0x08011983   Thumb Code   198  btod.o(CL$$btod_e2e)
    _btod_ediv                               0x08011a49   Thumb Code    40  btod.o(CL$$btod_ediv)
    _btod_emul                               0x08011a71   Thumb Code    40  btod.o(CL$$btod_emul)
    __btod_mult_common                       0x08011a99   Thumb Code   580  btod.o(CL$$btod_mult_common)
    OSStartHighRdy                           0x08011cdd   Thumb Code     0  os_cpu_a.o(CODE)
    OSCtxSw                                  0x08011cff   Thumb Code     0  os_cpu_a.o(CODE)
    OSIntCtxSw                               0x08011d09   Thumb Code     0  os_cpu_a.o(CODE)
    PendSV_Handler                           0x08011d13   Thumb Code     0  os_cpu_a.o(CODE)
    __ARM_fpclassify                         0x08011d89   Thumb Code    48  fpclassify.o(i.__ARM_fpclassify)
    __hardfp_cos                             0x08011db9   Thumb Code   180  cos.o(i.__hardfp_cos)
    __hardfp_pow                             0x08011e81   Thumb Code  3044  pow.o(i.__hardfp_pow)
    __hardfp_sin                             0x08012ab9   Thumb Code   180  sin.o(i.__hardfp_sin)
    __hardfp_sqrt                            0x08012b81   Thumb Code   122  sqrt.o(i.__hardfp_sqrt)
    __ieee754_rem_pio2                       0x08012c01   Thumb Code   938  rred.o(i.__ieee754_rem_pio2)
    __kernel_cos                             0x08013039   Thumb Code   322  cos_i.o(i.__kernel_cos)
    __kernel_poly                            0x080131a9   Thumb Code   248  poly.o(i.__kernel_poly)
    __kernel_sin                             0x080132a1   Thumb Code   280  sin_i.o(i.__kernel_sin)
    __mathlib_dbl_divzero                    0x080133d1   Thumb Code    28  dunder.o(i.__mathlib_dbl_divzero)
    __mathlib_dbl_infnan                     0x08013401   Thumb Code    20  dunder.o(i.__mathlib_dbl_infnan)
    __mathlib_dbl_infnan2                    0x08013415   Thumb Code    20  dunder.o(i.__mathlib_dbl_infnan2)
    __mathlib_dbl_invalid                    0x08013429   Thumb Code    24  dunder.o(i.__mathlib_dbl_invalid)
    __mathlib_dbl_overflow                   0x08013449   Thumb Code    24  dunder.o(i.__mathlib_dbl_overflow)
    __mathlib_dbl_underflow                  0x08013469   Thumb Code    24  dunder.o(i.__mathlib_dbl_underflow)
    _is_digit                                0x08013489   Thumb Code    14  __printf_wp.o(i._is_digit)
    fabs                                     0x08013497   Thumb Code    24  fabs.o(i.fabs)
    sqrt                                     0x080134af   Thumb Code   110  sqrt.o(i.sqrt)
    _get_lc_numeric                          0x0801351d   Thumb Code    44  lc_numeric_c.o(locale$$code)
    _get_lc_ctype                            0x08013549   Thumb Code    44  lc_ctype_c.o(locale$$code)
    __aeabi_dneg                             0x08013575   Thumb Code     0  basic.o(x$fpl$basic)
    _dneg                                    0x08013575   Thumb Code     6  basic.o(x$fpl$basic)
    __aeabi_fneg                             0x0801357b   Thumb Code     0  basic.o(x$fpl$basic)
    _fneg                                    0x0801357b   Thumb Code     6  basic.o(x$fpl$basic)
    _dabs                                    0x08013581   Thumb Code     6  basic.o(x$fpl$basic)
    _fabs                                    0x08013587   Thumb Code     6  basic.o(x$fpl$basic)
    __aeabi_d2f                              0x0801358d   Thumb Code     0  d2f.o(x$fpl$d2f)
    _d2f                                     0x0801358d   Thumb Code    98  d2f.o(x$fpl$d2f)
    __aeabi_dadd                             0x080135f1   Thumb Code     0  daddsub_clz.o(x$fpl$dadd)
    _dadd                                    0x080135f1   Thumb Code   332  daddsub_clz.o(x$fpl$dadd)
    __fpl_dcheck_NaN1                        0x08013741   Thumb Code    10  dcheck1.o(x$fpl$dcheck1)
    __fpl_dcmp_Inf                           0x08013751   Thumb Code    24  dcmpi.o(x$fpl$dcmpinf)
    __aeabi_ddiv                             0x08013769   Thumb Code     0  ddiv.o(x$fpl$ddiv)
    _ddiv                                    0x08013769   Thumb Code   552  ddiv.o(x$fpl$ddiv)
    __aeabi_d2iz                             0x08013a19   Thumb Code     0  dfix.o(x$fpl$dfix)
    _dfix                                    0x08013a19   Thumb Code    94  dfix.o(x$fpl$dfix)
    __aeabi_i2d                              0x08013a77   Thumb Code     0  dflt_clz.o(x$fpl$dflt)
    _dflt                                    0x08013a77   Thumb Code    46  dflt_clz.o(x$fpl$dflt)
    __aeabi_ui2d                             0x08013aa5   Thumb Code     0  dflt_clz.o(x$fpl$dfltu)
    _dfltu                                   0x08013aa5   Thumb Code    38  dflt_clz.o(x$fpl$dfltu)
    __aeabi_cdcmple                          0x08013acd   Thumb Code     0  dleqf.o(x$fpl$dleqf)
    _dcmple                                  0x08013acd   Thumb Code   120  dleqf.o(x$fpl$dleqf)
    __fpl_dcmple_InfNaN                      0x08013b2f   Thumb Code     0  dleqf.o(x$fpl$dleqf)
    __aeabi_dmul                             0x08013b45   Thumb Code     0  dmul.o(x$fpl$dmul)
    _dmul                                    0x08013b45   Thumb Code   332  dmul.o(x$fpl$dmul)
    __fpl_dnaninf                            0x08013c99   Thumb Code   156  dnaninf.o(x$fpl$dnaninf)
    __fpl_dretinf                            0x08013d35   Thumb Code    12  dretinf.o(x$fpl$dretinf)
    __aeabi_cdrcmple                         0x08013d41   Thumb Code     0  drleqf.o(x$fpl$drleqf)
    _drcmple                                 0x08013d41   Thumb Code   108  drleqf.o(x$fpl$drleqf)
    __aeabi_drsub                            0x08013dad   Thumb Code     0  daddsub_clz.o(x$fpl$drsb)
    _drsb                                    0x08013dad   Thumb Code    22  daddsub_clz.o(x$fpl$drsb)
    _dsqrt                                   0x08013dc5   Thumb Code   404  dsqrt_umaal.o(x$fpl$dsqrt)
    __aeabi_dsub                             0x08013f5d   Thumb Code     0  daddsub_clz.o(x$fpl$dsub)
    _dsub                                    0x08013f5d   Thumb Code   464  daddsub_clz.o(x$fpl$dsub)
    __aeabi_f2d                              0x08014131   Thumb Code     0  f2d.o(x$fpl$f2d)
    _f2d                                     0x08014131   Thumb Code    86  f2d.o(x$fpl$f2d)
    __fpl_fnaninf                            0x08014187   Thumb Code   140  fnaninf.o(x$fpl$fnaninf)
    _fp_init                                 0x08014213   Thumb Code    10  fpinit.o(x$fpl$fpinit)
    __fplib_config_fpu_vfp                   0x0801421b   Thumb Code     0  fpinit.o(x$fpl$fpinit)
    __fplib_config_pureend_doubles           0x0801421b   Thumb Code     0  fpinit.o(x$fpl$fpinit)
    __fpl_fretinf                            0x0801421d   Thumb Code    10  fretinf.o(x$fpl$fretinf)
    _printf_fp_dec                           0x08014227   Thumb Code     4  printf1.o(x$fpl$printf1)
    _printf_fp_hex                           0x0801422b   Thumb Code     4  printf2.o(x$fpl$printf2)
    __fpl_return_NaN                         0x0801422f   Thumb Code   100  retnan.o(x$fpl$retnan)
    __ARM_scalbn                             0x08014293   Thumb Code    92  scalbn.o(x$fpl$scalbn)
    __fpl_cmpreturn                          0x080142ef   Thumb Code    48  trapv.o(x$fpl$trapveneer)
    __I$use$fp                               0x0801431e   Number         0  usenofp.o(x$fpl$usenofp)
    CPU_EndiannessTest                       0x08014420   Data           4  cpu_core.o(.constdata)
    OSCfg_IdleTaskStkBasePtr                 0x080144b8   Data           4  os_cfg_app.o(.constdata)
    OSCfg_IdleTaskStkLimit                   0x080144bc   Data           4  os_cfg_app.o(.constdata)
    OSCfg_IdleTaskStkSize                    0x080144c0   Data           4  os_cfg_app.o(.constdata)
    OSCfg_IdleTaskStkSizeRAM                 0x080144c4   Data           4  os_cfg_app.o(.constdata)
    OSCfg_IntQBasePtr                        0x080144c8   Data           4  os_cfg_app.o(.constdata)
    OSCfg_IntQSize                           0x080144cc   Data           2  os_cfg_app.o(.constdata)
    OSCfg_IntQSizeRAM                        0x080144d0   Data           4  os_cfg_app.o(.constdata)
    OSCfg_IntQTaskStkBasePtr                 0x080144d4   Data           4  os_cfg_app.o(.constdata)
    OSCfg_IntQTaskStkLimit                   0x080144d8   Data           4  os_cfg_app.o(.constdata)
    OSCfg_IntQTaskStkSize                    0x080144dc   Data           4  os_cfg_app.o(.constdata)
    OSCfg_IntQTaskStkSizeRAM                 0x080144e0   Data           4  os_cfg_app.o(.constdata)
    OSCfg_ISRStkBasePtr                      0x080144e4   Data           4  os_cfg_app.o(.constdata)
    OSCfg_ISRStkSize                         0x080144e8   Data           4  os_cfg_app.o(.constdata)
    OSCfg_ISRStkSizeRAM                      0x080144ec   Data           4  os_cfg_app.o(.constdata)
    OSCfg_MsgPoolSize                        0x080144f0   Data           2  os_cfg_app.o(.constdata)
    OSCfg_MsgPoolSizeRAM                     0x080144f4   Data           4  os_cfg_app.o(.constdata)
    OSCfg_MsgPoolBasePtr                     0x080144f8   Data           4  os_cfg_app.o(.constdata)
    OSCfg_StatTaskPrio                       0x080144fc   Data           1  os_cfg_app.o(.constdata)
    OSCfg_StatTaskRate_Hz                    0x08014500   Data           4  os_cfg_app.o(.constdata)
    OSCfg_StatTaskStkBasePtr                 0x08014504   Data           4  os_cfg_app.o(.constdata)
    OSCfg_StatTaskStkLimit                   0x08014508   Data           4  os_cfg_app.o(.constdata)
    OSCfg_StatTaskStkSize                    0x0801450c   Data           4  os_cfg_app.o(.constdata)
    OSCfg_StatTaskStkSizeRAM                 0x08014510   Data           4  os_cfg_app.o(.constdata)
    OSCfg_StkSizeMin                         0x08014514   Data           4  os_cfg_app.o(.constdata)
    OSCfg_TickRate_Hz                        0x08014518   Data           4  os_cfg_app.o(.constdata)
    OSCfg_TickTaskPrio                       0x0801451c   Data           1  os_cfg_app.o(.constdata)
    OSCfg_TickTaskStkBasePtr                 0x08014520   Data           4  os_cfg_app.o(.constdata)
    OSCfg_TickTaskStkLimit                   0x08014524   Data           4  os_cfg_app.o(.constdata)
    OSCfg_TickTaskStkSize                    0x08014528   Data           4  os_cfg_app.o(.constdata)
    OSCfg_TickTaskStkSizeRAM                 0x0801452c   Data           4  os_cfg_app.o(.constdata)
    OSCfg_TickWheelSize                      0x08014530   Data           2  os_cfg_app.o(.constdata)
    OSCfg_TickWheelSizeRAM                   0x08014534   Data           4  os_cfg_app.o(.constdata)
    OSCfg_TmrTaskPrio                        0x08014538   Data           1  os_cfg_app.o(.constdata)
    OSCfg_TmrTaskRate_Hz                     0x0801453c   Data           4  os_cfg_app.o(.constdata)
    OSCfg_TmrTaskStkBasePtr                  0x08014540   Data           4  os_cfg_app.o(.constdata)
    OSCfg_TmrTaskStkLimit                    0x08014544   Data           4  os_cfg_app.o(.constdata)
    OSCfg_TmrTaskStkSize                     0x08014548   Data           4  os_cfg_app.o(.constdata)
    OSCfg_TmrTaskStkSizeRAM                  0x0801454c   Data           4  os_cfg_app.o(.constdata)
    OSCfg_TmrWheelSize                       0x08014550   Data           2  os_cfg_app.o(.constdata)
    OSCfg_TmrWheelSizeRAM                    0x08014554   Data           4  os_cfg_app.o(.constdata)
    OSCfg_DataSizeRAM                        0x08014558   Data           4  os_cfg_app.o(.constdata)
    OSDbg_DbgEn                              0x0801455c   Data           2  os_dbg.o(.constdata)
    OSDbg_ArgChkEn                           0x0801455e   Data           1  os_dbg.o(.constdata)
    OSDbg_AppHooksEn                         0x0801455f   Data           1  os_dbg.o(.constdata)
    OSDbg_EndiannessTest                     0x08014560   Data           4  os_dbg.o(.constdata)
    OSDbg_CalledFromISRChkEn                 0x08014564   Data           1  os_dbg.o(.constdata)
    OSDbg_FlagEn                             0x08014565   Data           1  os_dbg.o(.constdata)
    OSDbg_FlagGrp                            0x08014568   Data          40  os_dbg.o(.constdata)
    OSDbg_FlagDelEn                          0x08014590   Data           1  os_dbg.o(.constdata)
    OSDbg_FlagModeClrEn                      0x08014591   Data           1  os_dbg.o(.constdata)
    OSDbg_FlagPendAbortEn                    0x08014592   Data           1  os_dbg.o(.constdata)
    OSDbg_FlagGrpSize                        0x08014594   Data           2  os_dbg.o(.constdata)
    OSDbg_FlagWidth                          0x08014596   Data           2  os_dbg.o(.constdata)
    OSDbg_IntQ                               0x08014598   Data           2  os_dbg.o(.constdata)
    OSDbg_ISRPostDeferredEn                  0x0801459a   Data           1  os_dbg.o(.constdata)
    OSDbg_Mem                                0x0801459c   Data          32  os_dbg.o(.constdata)
    OSDbg_MemEn                              0x080145bc   Data           1  os_dbg.o(.constdata)
    OSDbg_MemSize                            0x080145be   Data           2  os_dbg.o(.constdata)
    OSDbg_MsgEn                              0x080145c0   Data           1  os_dbg.o(.constdata)
    OSDbg_MsgSize                            0x080145c2   Data           2  os_dbg.o(.constdata)
    OSDbg_MsgPoolSize                        0x080145c4   Data           2  os_dbg.o(.constdata)
    OSDbg_MsgQSize                           0x080145c6   Data           2  os_dbg.o(.constdata)
    OSDbg_Mutex                              0x080145c8   Data          44  os_dbg.o(.constdata)
    OSDbg_MutexEn                            0x080145f4   Data           1  os_dbg.o(.constdata)
    OSDbg_MutexDelEn                         0x080145f5   Data           1  os_dbg.o(.constdata)
    OSDbg_MutexPendAbortEn                   0x080145f6   Data           1  os_dbg.o(.constdata)
    OSDbg_MutexSize                          0x080145f8   Data           2  os_dbg.o(.constdata)
    OSDbg_ObjTypeChkEn                       0x080145fa   Data           1  os_dbg.o(.constdata)
    OSDbg_PendMultiEn                        0x080145fb   Data           1  os_dbg.o(.constdata)
    OSDbg_PendDataSize                       0x080145fc   Data           2  os_dbg.o(.constdata)
    OSDbg_PendListSize                       0x080145fe   Data           2  os_dbg.o(.constdata)
    OSDbg_PendObjSize                        0x08014600   Data           2  os_dbg.o(.constdata)
    OSDbg_PrioMax                            0x08014602   Data           2  os_dbg.o(.constdata)
    OSDbg_PrioTblSize                        0x08014604   Data           2  os_dbg.o(.constdata)
    OSDbg_PtrSize                            0x08014606   Data           2  os_dbg.o(.constdata)
    OSDbg_Q                                  0x08014608   Data          48  os_dbg.o(.constdata)
    OSDbg_QEn                                0x08014638   Data           1  os_dbg.o(.constdata)
    OSDbg_QDelEn                             0x08014639   Data           1  os_dbg.o(.constdata)
    OSDbg_QFlushEn                           0x0801463a   Data           1  os_dbg.o(.constdata)
    OSDbg_QPendAbortEn                       0x0801463b   Data           1  os_dbg.o(.constdata)
    OSDbg_QSize                              0x0801463c   Data           2  os_dbg.o(.constdata)
    OSDbg_SchedRoundRobinEn                  0x0801463e   Data           1  os_dbg.o(.constdata)
    OSDbg_Sem                                0x08014640   Data          40  os_dbg.o(.constdata)
    OSDbg_SemEn                              0x08014668   Data           1  os_dbg.o(.constdata)
    OSDbg_SemDelEn                           0x08014669   Data           1  os_dbg.o(.constdata)
    OSDbg_SemPendAbortEn                     0x0801466a   Data           1  os_dbg.o(.constdata)
    OSDbg_SemSetEn                           0x0801466b   Data           1  os_dbg.o(.constdata)
    OSDbg_SemSize                            0x0801466c   Data           2  os_dbg.o(.constdata)
    OSDbg_RdyList                            0x0801466e   Data           2  os_dbg.o(.constdata)
    OSDbg_RdyListSize                        0x08014670   Data           4  os_dbg.o(.constdata)
    OSDbg_StkWidth                           0x08014674   Data           1  os_dbg.o(.constdata)
    OSDbg_StatTaskEn                         0x08014675   Data           1  os_dbg.o(.constdata)
    OSDbg_StatTaskStkChkEn                   0x08014676   Data           1  os_dbg.o(.constdata)
    OSDbg_TaskChangePrioEn                   0x08014677   Data           1  os_dbg.o(.constdata)
    OSDbg_TaskDelEn                          0x08014678   Data           1  os_dbg.o(.constdata)
    OSDbg_TaskQEn                            0x08014679   Data           1  os_dbg.o(.constdata)
    OSDbg_TaskQPendAbortEn                   0x0801467a   Data           1  os_dbg.o(.constdata)
    OSDbg_TaskProfileEn                      0x0801467b   Data           1  os_dbg.o(.constdata)
    OSDbg_TaskRegTblSize                     0x0801467c   Data           2  os_dbg.o(.constdata)
    OSDbg_TaskSemPendAbortEn                 0x0801467e   Data           1  os_dbg.o(.constdata)
    OSDbg_TaskSuspendEn                      0x0801467f   Data           1  os_dbg.o(.constdata)
    OSDbg_TCBSize                            0x08014680   Data           2  os_dbg.o(.constdata)
    OSDbg_TickSpokeSize                      0x08014682   Data           2  os_dbg.o(.constdata)
    OSDbg_TimeDlyHMSMEn                      0x08014684   Data           1  os_dbg.o(.constdata)
    OSDbg_TimeDlyResumeEn                    0x08014685   Data           1  os_dbg.o(.constdata)
    OSDbg_TLS_TblSize                        0x08014686   Data           2  os_dbg.o(.constdata)
    OSDbg_Tmr                                0x08014688   Data          52  os_dbg.o(.constdata)
    OSDbg_TmrEn                              0x080146bc   Data           1  os_dbg.o(.constdata)
    OSDbg_TmrDelEn                           0x080146bd   Data           1  os_dbg.o(.constdata)
    OSDbg_TmrSize                            0x080146be   Data           2  os_dbg.o(.constdata)
    OSDbg_TmrSpokeSize                       0x080146c0   Data           2  os_dbg.o(.constdata)
    OSDbg_VersionNbr                         0x080146c2   Data           2  os_dbg.o(.constdata)
    OSDbg_DataSize                           0x080146c4   Data           4  os_dbg.o(.constdata)
    num_table                                0x080146c8   Data          17  rbc_lcd.o(.constdata)
    font5x8                                  0x080146d9   Data         475  rbc_lcd.o(.constdata)
    ADRC_PARM                                0x080148b4   Data          28  throw_task.o(.constdata)
    __mathlib_zero                           0x080149d0   Data           8  qnan.o(.constdata)
    Region$$Table$$Base                      0x08014b84   Number         0  anon$$obj.o(Region$$Table)
    Region$$Table$$Limit                     0x08014ba4   Number         0  anon$$obj.o(Region$$Table)
    __ctype                                  0x08014bcd   Data           0  lc_ctype_c.o(locale$$data)
    Encoder_TIM2                             0x20000000   Data           4  stm32f4xx_it.o(.data)
    Photoelectric_flag                       0x20000004   Data           1  stm32f4xx_it.o(.data)
    GET_flag                                 0x20000005   Data           1  stm32f4xx_it.o(.data)
    DI2_FLAG                                 0x20000006   Data           1  stm32f4xx_it.o(.data)
    _entercode_5                             0x20000008   Data           4  stm32f4xx_it.o(.data)
    Encoder                                  0x2000000c   Data           4  stm32f4xx_it.o(.data)
    lat_Encoder                              0x20000010   Data           4  stm32f4xx_it.o(.data)
    real_speed                               0x20000014   Data           4  stm32f4xx_it.o(.data)
    printf_i                                 0x20000018   Data           4  stm32f4xx_it.o(.data)
    printf_flag                              0x2000001c   Data           4  stm32f4xx_it.o(.data)
    Encoder_TIM4                             0x20000020   Data           4  stm32f4xx_it.o(.data)
    Encoder_TIM8                             0x20000024   Data           4  stm32f4xx_it.o(.data)
    begin_throw                              0x20000028   Data           1  stm32f4xx_it.o(.data)
    SystemCoreClock                          0x20000030   Data           4  system_stm32f4xx.o(.data)
    AHBPrescTable                            0x20000034   Data          16  system_stm32f4xx.o(.data)
    CPU_TS_TmrFreq_Hz                        0x20000058   Data           4  cpu_core.o(.data)
    Mem_PoolTbl                              0x2000005c   Data           4  lib_mem.o(.data)
    OSPrioTbl                                0x20000060   Data           8  os_prio.o(.data)
    OS_AppTaskCreateHookPtr                  0x20000068   Data           4  os_var.o(.data)
    OS_AppTaskDelHookPtr                     0x2000006c   Data           4  os_var.o(.data)
    OS_AppTaskReturnHookPtr                  0x20000070   Data           4  os_var.o(.data)
    OS_AppIdleTaskHookPtr                    0x20000074   Data           4  os_var.o(.data)
    OS_AppStatTaskHookPtr                    0x20000078   Data           4  os_var.o(.data)
    OS_AppTaskSwHookPtr                      0x2000007c   Data           4  os_var.o(.data)
    OS_AppTimeTickHookPtr                    0x20000080   Data           4  os_var.o(.data)
    OSIdleTaskCtr                            0x20000084   Data           4  os_var.o(.data)
    OSIntNestingCtr                          0x20000088   Data           1  os_var.o(.data)
    OSRunning                                0x20000089   Data           1  os_var.o(.data)
    OSIntQInPtr                              0x2000008c   Data           4  os_var.o(.data)
    OSIntQOutPtr                             0x20000090   Data           4  os_var.o(.data)
    OSIntQNbrEntries                         0x20000094   Data           2  os_var.o(.data)
    OSIntQNbrEntriesMax                      0x20000096   Data           2  os_var.o(.data)
    OSIntQOvfCtr                             0x20000098   Data           2  os_var.o(.data)
    OSIntQTaskTimeMax                        0x2000009c   Data           4  os_var.o(.data)
    OSFlagDbgListPtr                         0x200000a0   Data           4  os_var.o(.data)
    OSFlagQty                                0x200000a4   Data           2  os_var.o(.data)
    OSMemDbgListPtr                          0x200000a8   Data           4  os_var.o(.data)
    OSMemQty                                 0x200000ac   Data           2  os_var.o(.data)
    OSMutexDbgListPtr                        0x200000b0   Data           4  os_var.o(.data)
    OSMutexQty                               0x200000b4   Data           2  os_var.o(.data)
    OSPrioCur                                0x200000b6   Data           1  os_var.o(.data)
    OSPrioHighRdy                            0x200000b7   Data           1  os_var.o(.data)
    OSPrioSaved                              0x200000b8   Data           1  os_var.o(.data)
    OSQDbgListPtr                            0x200000bc   Data           4  os_var.o(.data)
    OSQQty                                   0x200000c0   Data           2  os_var.o(.data)
    OSSchedLockTimeBegin                     0x200000c4   Data           4  os_var.o(.data)
    OSSchedLockTimeMax                       0x200000c8   Data           4  os_var.o(.data)
    OSSchedLockTimeMaxCur                    0x200000cc   Data           4  os_var.o(.data)
    OSSchedLockNestingCtr                    0x200000d0   Data           1  os_var.o(.data)
    OSSchedRoundRobinDfltTimeQuanta          0x200000d4   Data           4  os_var.o(.data)
    OSSchedRoundRobinEn                      0x200000d8   Data           1  os_var.o(.data)
    OSSemDbgListPtr                          0x200000dc   Data           4  os_var.o(.data)
    OSSemQty                                 0x200000e0   Data           2  os_var.o(.data)
    OSStatResetFlag                          0x200000e2   Data           1  os_var.o(.data)
    OSStatTaskCPUUsage                       0x200000e4   Data           2  os_var.o(.data)
    OSStatTaskCPUUsageMax                    0x200000e6   Data           2  os_var.o(.data)
    OSStatTaskCtr                            0x200000e8   Data           4  os_var.o(.data)
    OSStatTaskCtrMax                         0x200000ec   Data           4  os_var.o(.data)
    OSStatTaskCtrRun                         0x200000f0   Data           4  os_var.o(.data)
    OSStatTaskRdy                            0x200000f4   Data           1  os_var.o(.data)
    OSStatTaskTimeMax                        0x200000f8   Data           4  os_var.o(.data)
    OSTaskCtxSwCtr                           0x200000fc   Data           4  os_var.o(.data)
    OSTaskDbgListPtr                         0x20000100   Data           4  os_var.o(.data)
    OSTaskQty                                0x20000104   Data           2  os_var.o(.data)
    OSTaskRegNextAvailID                     0x20000106   Data           1  os_var.o(.data)
    OSTickCtr                                0x20000108   Data           4  os_var.o(.data)
    OSTickTaskTimeMax                        0x2000010c   Data           4  os_var.o(.data)
    OSTmrDbgListPtr                          0x20000110   Data           4  os_var.o(.data)
    OSTmrQty                                 0x20000114   Data           2  os_var.o(.data)
    OSTmrTaskTimeMax                         0x20000118   Data           4  os_var.o(.data)
    OSTmrTickCtr                             0x2000011c   Data           4  os_var.o(.data)
    OSTmrUpdateCnt                           0x20000120   Data           4  os_var.o(.data)
    OSTmrUpdateCtr                           0x20000124   Data           4  os_var.o(.data)
    OSTCBCurPtr                              0x20000128   Data           4  os_var.o(.data)
    OSTCBHighRdyPtr                          0x2000012c   Data           4  os_var.o(.data)
    OS_CPU_ExceptStkBase                     0x20000130   Data           4  os_cpu_c.o(.data)
    Robot_Mode                               0x20000134   Data           1  pci.o(.data)
    dif_2                                    0x20000138   Data           4  exti.o(.data)
    UART_CH                                  0x2000013c   Data           5  hand_task.o(.data)
    HandleControlTaskErr                     0x20000142   Data           2  hand_task.o(.data)
    err                                      0x20000144   Data           2  hand_task.o(.data)
    TIM3_CCR1                                0x20000148   Data           4  hand_task.o(.data)
    HanComd                                  0x2000014c   Data           2  hand_task.o(.data)
    test_hand                                0x20000150   Data           4  hand_task.o(.data)
    test_num                                 0x20000154   Data           4  hand_task.o(.data)
    MASK                                     0x20000158   Data          32  hand_task.o(.data)
    Handba_RX                                0x20000178   Data           2  hand_task.o(.data)
    Handba_RY                                0x2000017a   Data           2  hand_task.o(.data)
    Handba_LX                                0x2000017c   Data           2  hand_task.o(.data)
    Handba_LY                                0x2000017e   Data           2  hand_task.o(.data)
    send_to_underpan                         0x20000184   Data           8  command_task.o(.data)
    calibration_speed                        0x2000018c   Data           4  command_task.o(.data)
    command_flag                             0x20000190   Data           1  command_task.o(.data)
    display                                  0x20000191   Data           2  command_task.o(.data)
    last_command                             0x20000193   Data           1  command_task.o(.data)
    cali_flag                                0x20000194   Data           1  command_task.o(.data)
    connect_num                              0x20000195   Data           1  command_task.o(.data)
    place                                    0x20000198   Data           1  throw_task.o(.data)
    throw_flag                               0x20000199   Data           1  throw_task.o(.data)
    angle                                    0x2000019c   Data           4  throw_task.o(.data)
    past_cycle                               0x200001a0   Data           4  throw_task.o(.data)
    RL_NUM                                   0x200001a4   Data           4  throw_task.o(.data)
    acc_speed                                0x200001a8   Data           4  throw_task.o(.data)
    _entercode_3                             0x200001ac   Data           4  throw_task.o(.data)
    _entercode_4                             0x200001b0   Data           4  throw_task.o(.data)
    PixyTxMsg                                0x200001b4   Data           8  throw_task.o(.data)
    throw_speed                              0x200001bc   Data           4  throw_task.o(.data)
    throw_point                              0x200001c0   Data           4  throw_task.o(.data)
    printf_speed                             0x200001c4   Data        4000  stm32f4xx_it.o(.bss)
    underpan_RxMsg                           0x20001164   Data          20  stm32f4xx_it.o(.bss)
    CPU_Name                                 0x20001178   Data          16  cpu_core.o(.bss)
    Mem_PoolHeap                             0x20001188   Data          72  lib_mem.o(.bss)
    Mem_Heap                                 0x200011d0   Data        1024  lib_mem.o(.bss)
    OSCfg_IdleTaskStk                        0x200015d0   Data         512  os_cfg_app.o(.bss)
    OSCfg_IntQ                               0x200017d0   Data         320  os_cfg_app.o(.bss)
    OSCfg_IntQTaskStk                        0x20001910   Data         512  os_cfg_app.o(.bss)
    OSCfg_ISRStk                             0x20001b10   Data         512  os_cfg_app.o(.bss)
    OSCfg_MsgPool                            0x20001d10   Data        1600  os_cfg_app.o(.bss)
    OSCfg_StatTaskStk                        0x20002350   Data         512  os_cfg_app.o(.bss)
    OSCfg_TickTaskStk                        0x20002550   Data         512  os_cfg_app.o(.bss)
    OSCfg_TickWheel                          0x20002750   Data         136  os_cfg_app.o(.bss)
    OSCfg_TmrTaskStk                         0x200027d8   Data         512  os_cfg_app.o(.bss)
    OSCfg_TmrWheel                           0x200029d8   Data         136  os_cfg_app.o(.bss)
    OSIdleTaskTCB                            0x20002a60   Data         196  os_var.o(.bss)
    OSIntQTaskTCB                            0x20002b24   Data         196  os_var.o(.bss)
    OSMsgPool                                0x20002be8   Data          12  os_var.o(.bss)
    OSRdyList                                0x20002bf4   Data         768  os_var.o(.bss)
    OSStatTaskTCB                            0x20002ef4   Data         196  os_var.o(.bss)
    OSTickTaskTCB                            0x20002fb8   Data         196  os_var.o(.bss)
    OSTmrTaskTCB                             0x2000307c   Data         196  os_var.o(.bss)
    StarTaskTCB                              0x20003140   Data         196  app.o(.bss)
    STAR_TASK_STK                            0x20003204   Data         512  app.o(.bss)
    IWDGTaskTCB                              0x20003404   Data         196  iwdg_task.o(.bss)
    IWDG_TASK_STK                            0x200034c8   Data         512  iwdg_task.o(.bss)
    motor_driver_TaskTCB                     0x200036c8   Data         196  motor_driver_task.o(.bss)
    motor_driver__STK                        0x2000378c   Data        1024  motor_driver_task.o(.bss)
    UNDER1_MLCB                              0x20003b8c   Data          12  motor_driver_task.o(.bss)
    UNDER2_MLCB                              0x20003b98   Data          12  motor_driver_task.o(.bss)
    UNDER3_MLCB                              0x20003ba4   Data          12  motor_driver_task.o(.bss)
    UNDER4_MLCB                              0x20003bb0   Data          12  motor_driver_task.o(.bss)
    HAND_TASK_STK                            0x20003bbc   Data        2048  hand_task.o(.bss)
    hand_TaskTCB                             0x200043bc   Data         196  hand_task.o(.bss)
    Handle_Sem                               0x20004480   Data          40  hand_task.o(.bss)
    HandData                                 0x200044a8   Data           9  hand_task.o(.bss)
    minddata                                 0x200044b2   Data          40  hand_task.o(.bss)
    mem_pool_printf                          0x200049a0   Data          32  printf_task.o(.bss)
    mem_pool_printf_buf                      0x200049c0   Data        4096  printf_task.o(.bss)
    COMMANDTaskTCB                           0x200059c0   Data         196  command_task.o(.bss)
    COMMAND_TASK_STK                         0x20005a84   Data         512  command_task.o(.bss)
    CONNECTTaskTCB                           0x20005c84   Data         196  connect_task.o(.bss)
    CONNECT_TASK_STK                         0x20005d48   Data         512  connect_task.o(.bss)
    DISPLAYTaskTCB                           0x20005f48   Data         196  display.o(.bss)
    DISPLAY_TASK_STK                         0x2000600c   Data         512  display.o(.bss)
    THROWTaskTCB                             0x2000620c   Data         196  throw_task.o(.bss)
    THROW_TASK_STK                           0x200062d0   Data         512  throw_task.o(.bss)
    TZ1                                      0x200064d0   Data          64  throw_task.o(.bss)
    TZ2                                      0x20006510   Data          64  throw_task.o(.bss)
    TZ3                                      0x20006550   Data          64  throw_task.o(.bss)
    KEYTaskTCB                               0x20006590   Data         196  key.o(.bss)
    KEY_TASK_STK                             0x20006654   Data         512  key.o(.bss)
    __libspace_start                         0x20006854   Data          96  libspace.o(.bss)
    __temporary_stack_top$libspace           0x200068b4   Data           0  libspace.o(.bss)



==============================================================================

Memory Map of the image

  Image Entry point : 0x08000189

  Load Region LR_IROM1 (Base: 0x08000000, Size: 0x00014e94, Max: 0x00100000, ABSOLUTE, COMPRESSED[0x00014d14])

    Execution Region ER_IROM1 (Base: 0x08000000, Size: 0x00014cd0, Max: 0x00100000, ABSOLUTE)

    Base Addr    Size         Type   Attr      Idx    E Section Name        Object

    0x08000000   0x00000188   Data   RO          342    RESET               startup_stm32f40_41xxx.o
    0x08000188   0x00000008   Code   RO         2068  * !!!main             c_w.l(__main.o)
    0x08000190   0x00000034   Code   RO         2550    !!!scatter          c_w.l(__scatter.o)
    0x080001c4   0x0000005a   Code   RO         2548    !!dczerorl2         c_w.l(__dczerorl2.o)
    0x0800021e   0x00000002   PAD
    0x08000220   0x0000001c   Code   RO         2552    !!handler_zi        c_w.l(__scatter_zi.o)
    0x0800023c   0x00000000   Code   RO         2238    .ARM.Collect$$_printf_percent$$00000000  c_w.l(_printf_percent.o)
    0x0800023c   0x00000006   Code   RO         2227    .ARM.Collect$$_printf_percent$$00000001  c_w.l(_printf_n.o)
    0x08000242   0x00000006   Code   RO         2229    .ARM.Collect$$_printf_percent$$00000002  c_w.l(_printf_p.o)
    0x08000248   0x00000006   Code   RO         2234    .ARM.Collect$$_printf_percent$$00000003  c_w.l(_printf_f.o)
    0x0800024e   0x00000006   Code   RO         2235    .ARM.Collect$$_printf_percent$$00000004  c_w.l(_printf_e.o)
    0x08000254   0x00000006   Code   RO         2236    .ARM.Collect$$_printf_percent$$00000005  c_w.l(_printf_g.o)
    0x0800025a   0x00000006   Code   RO         2237    .ARM.Collect$$_printf_percent$$00000006  c_w.l(_printf_a.o)
    0x08000260   0x0000000a   Code   RO         2242    .ARM.Collect$$_printf_percent$$00000007  c_w.l(_printf_ll.o)
    0x0800026a   0x00000006   Code   RO         2231    .ARM.Collect$$_printf_percent$$00000008  c_w.l(_printf_i.o)
    0x08000270   0x00000006   Code   RO         2232    .ARM.Collect$$_printf_percent$$00000009  c_w.l(_printf_d.o)
    0x08000276   0x00000006   Code   RO         2233    .ARM.Collect$$_printf_percent$$0000000A  c_w.l(_printf_u.o)
    0x0800027c   0x00000006   Code   RO         2230    .ARM.Collect$$_printf_percent$$0000000B  c_w.l(_printf_o.o)
    0x08000282   0x00000006   Code   RO         2228    .ARM.Collect$$_printf_percent$$0000000C  c_w.l(_printf_x.o)
    0x08000288   0x00000006   Code   RO         2239    .ARM.Collect$$_printf_percent$$0000000D  c_w.l(_printf_lli.o)
    0x0800028e   0x00000006   Code   RO         2240    .ARM.Collect$$_printf_percent$$0000000E  c_w.l(_printf_lld.o)
    0x08000294   0x00000006   Code   RO         2241    .ARM.Collect$$_printf_percent$$0000000F  c_w.l(_printf_llu.o)
    0x0800029a   0x00000006   Code   RO         2246    .ARM.Collect$$_printf_percent$$00000010  c_w.l(_printf_llo.o)
    0x080002a0   0x00000006   Code   RO         2247    .ARM.Collect$$_printf_percent$$00000011  c_w.l(_printf_llx.o)
    0x080002a6   0x0000000a   Code   RO         2243    .ARM.Collect$$_printf_percent$$00000012  c_w.l(_printf_l.o)
    0x080002b0   0x00000006   Code   RO         2225    .ARM.Collect$$_printf_percent$$00000013  c_w.l(_printf_c.o)
    0x080002b6   0x00000006   Code   RO         2226    .ARM.Collect$$_printf_percent$$00000014  c_w.l(_printf_s.o)
    0x080002bc   0x00000006   Code   RO         2244    .ARM.Collect$$_printf_percent$$00000015  c_w.l(_printf_lc.o)
    0x080002c2   0x00000006   Code   RO         2245    .ARM.Collect$$_printf_percent$$00000016  c_w.l(_printf_ls.o)
    0x080002c8   0x00000004   Code   RO         2353    .ARM.Collect$$_printf_percent$$00000017  c_w.l(_printf_percent_end.o)
    0x080002cc   0x00000002   Code   RO         2411    .ARM.Collect$$libinit$$00000000  c_w.l(libinit.o)
    0x080002ce   0x00000004   Code   RO         2429    .ARM.Collect$$libinit$$00000001  c_w.l(libinit2.o)
    0x080002d2   0x00000000   Code   RO         2432    .ARM.Collect$$libinit$$00000004  c_w.l(libinit2.o)
    0x080002d2   0x00000000   Code   RO         2435    .ARM.Collect$$libinit$$0000000A  c_w.l(libinit2.o)
    0x080002d2   0x00000000   Code   RO         2437    .ARM.Collect$$libinit$$0000000C  c_w.l(libinit2.o)
    0x080002d2   0x00000000   Code   RO         2439    .ARM.Collect$$libinit$$0000000E  c_w.l(libinit2.o)
    0x080002d2   0x00000006   Code   RO         2440    .ARM.Collect$$libinit$$0000000F  c_w.l(libinit2.o)
    0x080002d8   0x00000000   Code   RO         2442    .ARM.Collect$$libinit$$00000011  c_w.l(libinit2.o)
    0x080002d8   0x0000000c   Code   RO         2443    .ARM.Collect$$libinit$$00000012  c_w.l(libinit2.o)
    0x080002e4   0x00000000   Code   RO         2444    .ARM.Collect$$libinit$$00000013  c_w.l(libinit2.o)
    0x080002e4   0x00000000   Code   RO         2446    .ARM.Collect$$libinit$$00000015  c_w.l(libinit2.o)
    0x080002e4   0x0000000a   Code   RO         2447    .ARM.Collect$$libinit$$00000016  c_w.l(libinit2.o)
    0x080002ee   0x00000000   Code   RO         2448    .ARM.Collect$$libinit$$00000017  c_w.l(libinit2.o)
    0x080002ee   0x00000000   Code   RO         2450    .ARM.Collect$$libinit$$00000019  c_w.l(libinit2.o)
    0x080002ee   0x00000000   Code   RO         2452    .ARM.Collect$$libinit$$0000001B  c_w.l(libinit2.o)
    0x080002ee   0x00000000   Code   RO         2454    .ARM.Collect$$libinit$$0000001D  c_w.l(libinit2.o)
    0x080002ee   0x00000000   Code   RO         2456    .ARM.Collect$$libinit$$0000001F  c_w.l(libinit2.o)
    0x080002ee   0x00000000   Code   RO         2458    .ARM.Collect$$libinit$$00000021  c_w.l(libinit2.o)
    0x080002ee   0x00000000   Code   RO         2460    .ARM.Collect$$libinit$$00000023  c_w.l(libinit2.o)
    0x080002ee   0x00000000   Code   RO         2462    .ARM.Collect$$libinit$$00000025  c_w.l(libinit2.o)
    0x080002ee   0x00000000   Code   RO         2466    .ARM.Collect$$libinit$$0000002C  c_w.l(libinit2.o)
    0x080002ee   0x00000000   Code   RO         2468    .ARM.Collect$$libinit$$0000002E  c_w.l(libinit2.o)
    0x080002ee   0x00000000   Code   RO         2470    .ARM.Collect$$libinit$$00000030  c_w.l(libinit2.o)
    0x080002ee   0x00000000   Code   RO         2472    .ARM.Collect$$libinit$$00000032  c_w.l(libinit2.o)
    0x080002ee   0x00000002   Code   RO         2473    .ARM.Collect$$libinit$$00000033  c_w.l(libinit2.o)
    0x080002f0   0x00000002   Code   RO         2506    .ARM.Collect$$libshutdown$$00000000  c_w.l(libshutdown.o)
    0x080002f2   0x00000000   Code   RO         2533    .ARM.Collect$$libshutdown$$00000003  c_w.l(libshutdown2.o)
    0x080002f2   0x00000000   Code   RO         2536    .ARM.Collect$$libshutdown$$00000006  c_w.l(libshutdown2.o)
    0x080002f2   0x00000000   Code   RO         2539    .ARM.Collect$$libshutdown$$00000009  c_w.l(libshutdown2.o)
    0x080002f2   0x00000000   Code   RO         2541    .ARM.Collect$$libshutdown$$0000000B  c_w.l(libshutdown2.o)
    0x080002f2   0x00000000   Code   RO         2544    .ARM.Collect$$libshutdown$$0000000E  c_w.l(libshutdown2.o)
    0x080002f2   0x00000002   Code   RO         2545    .ARM.Collect$$libshutdown$$0000000F  c_w.l(libshutdown2.o)
    0x080002f4   0x00000000   Code   RO         2150    .ARM.Collect$$rtentry$$00000000  c_w.l(__rtentry.o)
    0x080002f4   0x00000000   Code   RO         2317    .ARM.Collect$$rtentry$$00000002  c_w.l(__rtentry2.o)
    0x080002f4   0x00000006   Code   RO         2329    .ARM.Collect$$rtentry$$00000004  c_w.l(__rtentry4.o)
    0x080002fa   0x00000000   Code   RO         2319    .ARM.Collect$$rtentry$$00000009  c_w.l(__rtentry2.o)
    0x080002fa   0x00000004   Code   RO         2320    .ARM.Collect$$rtentry$$0000000A  c_w.l(__rtentry2.o)
    0x080002fe   0x00000000   Code   RO         2322    .ARM.Collect$$rtentry$$0000000C  c_w.l(__rtentry2.o)
    0x080002fe   0x00000008   Code   RO         2323    .ARM.Collect$$rtentry$$0000000D  c_w.l(__rtentry2.o)
    0x08000306   0x00000002   Code   RO         2416    .ARM.Collect$$rtexit$$00000000  c_w.l(rtexit.o)
    0x08000308   0x00000000   Code   RO         2479    .ARM.Collect$$rtexit$$00000002  c_w.l(rtexit2.o)
    0x08000308   0x00000004   Code   RO         2480    .ARM.Collect$$rtexit$$00000003  c_w.l(rtexit2.o)
    0x0800030c   0x00000006   Code   RO         2481    .ARM.Collect$$rtexit$$00000004  c_w.l(rtexit2.o)
    0x08000312   0x00000002   PAD
    0x08000314   0x000000ac   Code   RO            3    .text               main.o
    0x080003c0   0x000007c0   Code   RO          259    .text               stm32f4xx_it.o
    0x08000b80   0x00000210   Code   RO          316    .text               system_stm32f4xx.o
    0x08000d90   0x00000040   Code   RO          343    .text               startup_stm32f40_41xxx.o
    0x08000dd0   0x000000e0   Code   RO          349    .text               misc.o
    0x08000eb0   0x00000294   Code   RO          369    .text               stm32f4xx_gpio.o
    0x08001144   0x0000065c   Code   RO          389    .text               stm32f4xx_rcc.o
    0x080017a0   0x00000094   Code   RO          411    .text               stm32f4xx_syscfg.o
    0x08001834   0x00000454   Code   RO          431    .text               stm32f4xx_usart.o
    0x08001c88   0x000009f0   Code   RO          471    .text               stm32f4xx_can.o
    0x08002678   0x00000110   Code   RO          694    .text               stm32f4xx_exti.o
    0x08002788   0x00000040   Code   RO          860    .text               stm32f4xx_iwdg.o
    0x080027c8   0x00000ca2   Code   RO         1026    .text               stm32f4xx_tim.o
    0x0800346a   0x00000002   PAD
    0x0800346c   0x00000148   Code   RO         1066    .text               delay.o
    0x080035b4   0x00000084   Code   RO         1113    .text               bsp.o
    0x08003638   0x000002a8   Code   RO         1146    .text               cpu_core.o
    0x080038e0   0x00000034   Code   RO         1172    .text               cpu_a.o
    0x08003914   0x00000256   Code   RO         1175    .text               lib_ascii.o
    0x08003b6a   0x00000002   PAD
    0x08003b6c   0x000009c6   Code   RO         1208    .text               lib_mem.o
    0x08004532   0x00000002   PAD
    0x08004534   0x0000092c   Code   RO         1227    .text               lib_str.o
    0x08004e60   0x00000220   Code   RO         1244    .text               lib_mem_a.o
    0x08005080   0x000000fc   Code   RO         1247    .text               os_cfg_app.o
    0x0800517c   0x00000df0   Code   RO         1270    .text               os_core.o
    0x08005f6c   0x000001b0   Code   RO         1282    .text               os_dbg.o
    0x0800611c   0x00000e28   Code   RO         1297    .text               os_flag.o
    0x08006f44   0x00000444   Code   RO         1309    .text               os_int.o
    0x08007388   0x00000238   Code   RO         1321    .text               os_mem.o
    0x080075c0   0x0000022c   Code   RO         1333    .text               os_msg.o
    0x080077ec   0x00000ad4   Code   RO         1345    .text               os_mutex.o
    0x080082c0   0x0000007c   Code   RO         1363    .text               os_prio.o
    0x0800833c   0x000008d8   Code   RO         1382    .text               os_q.o
    0x08008c14   0x00000830   Code   RO         1394    .text               os_sem.o
    0x08009444   0x00000638   Code   RO         1406    .text               os_stat.o
    0x08009a7c   0x00001bb4   Code   RO         1418    .text               os_task.o
    0x0800b630   0x000004fc   Code   RO         1430    .text               os_tick.o
    0x0800bb2c   0x00000564   Code   RO         1442    .text               os_time.o
    0x0800c090   0x00000818   Code   RO         1454    .text               os_tmr.o
    0x0800c8a8   0x000003f8   Code   RO         1482    .text               os_cpu_c.o
    0x0800cca0   0x00000330   Code   RO         1526    .text               rbc_lcd.o
    0x0800cfd0   0x000007d8   Code   RO         1549    .text               motor_control.o
    0x0800d7a8   0x0000004c   Code   RO         1592    .text               function.o
    0x0800d7f4   0x0000029c   Code   RO         1612    .text               can.o
    0x0800da90   0x00000042   Code   RO         1632    .text               gpio.o
    0x0800dad2   0x00000022   Code   RO         1672    .text               nvic.o
    0x0800daf4   0x0000034c   Code   RO         1692    .text               time.o
    0x0800de40   0x00000844   Code   RO         1732    .text               pci.o
    0x0800e684   0x00000060   Code   RO         1759    .text               exti.o
    0x0800e6e4   0x0000015c   Code   RO         1798    .text               app.o
    0x0800e840   0x00000068   Code   RO         1821    .text               iwdg_task.o
    0x0800e8a8   0x000002c4   Code   RO         1873    .text               hand_task.o
    0x0800eb6c   0x00000188   Code   RO         1898    .text               printf_task.o
    0x0800ecf4   0x00000084   Code   RO         1955    .text               connect_task.o
    0x0800ed78   0x0000014c   Code   RO         1978    .text               display.o
    0x0800eec4   0x00001244   Code   RO         2002    .text               throw_task.o
    0x08010108   0x00000148   Code   RO         2032    .text               key.o
    0x08010250   0x000000ee   Code   RO         2056    .text               c_w.l(lludivv7m.o)
    0x0801033e   0x00000002   PAD
    0x08010340   0x00000024   Code   RO         2058    .text               c_w.l(vsprintf.o)
    0x08010364   0x0000003e   Code   RO         2060    .text               c_w.l(strlen.o)
    0x080103a2   0x0000008a   Code   RO         2062    .text               c_w.l(rt_memcpy_v6.o)
    0x0801042c   0x00000006   Code   RO         2066    .text               c_w.l(heapauxi.o)
    0x08010432   0x00000016   Code   RO         2155    .text               c_w.l(_rserrno.o)
    0x08010448   0x0000004e   Code   RO         2159    .text               c_w.l(_printf_pad.o)
    0x08010496   0x00000024   Code   RO         2161    .text               c_w.l(_printf_truncate.o)
    0x080104ba   0x00000052   Code   RO         2163    .text               c_w.l(_printf_str.o)
    0x0801050c   0x00000078   Code   RO         2165    .text               c_w.l(_printf_dec.o)
    0x08010584   0x00000028   Code   RO         2167    .text               c_w.l(_printf_charcount.o)
    0x080105ac   0x00000030   Code   RO         2169    .text               c_w.l(_printf_char_common.o)
    0x080105dc   0x0000000a   Code   RO         2171    .text               c_w.l(_sputc.o)
    0x080105e6   0x00000002   PAD
    0x080105e8   0x000000bc   Code   RO         2173    .text               c_w.l(_printf_wctomb.o)
    0x080106a4   0x0000007c   Code   RO         2176    .text               c_w.l(_printf_longlong_dec.o)
    0x08010720   0x00000070   Code   RO         2182    .text               c_w.l(_printf_oct_int_ll.o)
    0x08010790   0x00000094   Code   RO         2202    .text               c_w.l(_printf_hex_int_ll_ptr.o)
    0x08010824   0x00000188   Code   RO         2222    .text               c_w.l(__printf_flags_ss_wp.o)
    0x080109ac   0x00000064   Code   RO         2248    .text               c_w.l(rt_memcpy_w.o)
    0x08010a10   0x00000008   Code   RO         2336    .text               c_w.l(rt_errno_addr_intlibspace.o)
    0x08010a18   0x0000008a   Code   RO         2338    .text               c_w.l(lludiv10.o)
    0x08010aa2   0x000000b2   Code   RO         2340    .text               c_w.l(_printf_intcommon.o)
    0x08010b54   0x0000041a   Code   RO         2342    .text               c_w.l(_printf_fp_dec.o)
    0x08010f6e   0x00000002   PAD
    0x08010f70   0x000002fc   Code   RO         2344    .text               c_w.l(_printf_fp_hex.o)
    0x0801126c   0x0000002c   Code   RO         2349    .text               c_w.l(_printf_char.o)
    0x08011298   0x0000002c   Code   RO         2351    .text               c_w.l(_printf_wchar.o)
    0x080112c4   0x00000040   Code   RO         2354    .text               c_w.l(_wcrtomb.o)
    0x08011304   0x00000008   Code   RO         2358    .text               c_w.l(libspace.o)
    0x0801130c   0x0000004a   Code   RO         2361    .text               c_w.l(sys_stackheap_outer.o)
    0x08011356   0x00000002   PAD
    0x08011358   0x00000010   Code   RO         2363    .text               c_w.l(rt_ctype_table.o)
    0x08011368   0x00000008   Code   RO         2368    .text               c_w.l(rt_locale_intlibspace.o)
    0x08011370   0x00000080   Code   RO         2370    .text               c_w.l(_printf_fp_infnan.o)
    0x080113f0   0x000000dc   Code   RO         2372    .text               c_w.l(bigflt0.o)
    0x080114cc   0x0000000c   Code   RO         2400    .text               c_w.l(exit.o)
    0x080114d8   0x00000080   Code   RO         2427    .text               c_w.l(strcmpv7m.o)
    0x08011558   0x0000000c   Code   RO         2476    .text               c_w.l(sys_exit.o)
    0x08011564   0x00000002   Code   RO         2495    .text               c_w.l(use_no_semi.o)
    0x08011566   0x00000000   Code   RO         2497    .text               c_w.l(indicate_semi.o)
    0x08011566   0x0000003e   Code   RO         2375    CL$$btod_d2e        c_w.l(btod.o)
    0x080115a4   0x00000046   Code   RO         2377    CL$$btod_d2e_denorm_low  c_w.l(btod.o)
    0x080115ea   0x00000060   Code   RO         2376    CL$$btod_d2e_norm_op1  c_w.l(btod.o)
    0x0801164a   0x00000338   Code   RO         2385    CL$$btod_div_common  c_w.l(btod.o)
    0x08011982   0x000000c6   Code   RO         2382    CL$$btod_e2e        c_w.l(btod.o)
    0x08011a48   0x00000028   Code   RO         2379    CL$$btod_ediv       c_w.l(btod.o)
    0x08011a70   0x00000028   Code   RO         2378    CL$$btod_emul       c_w.l(btod.o)
    0x08011a98   0x00000244   Code   RO         2384    CL$$btod_mult_common  c_w.l(btod.o)
    0x08011cdc   0x000000ac   Code   RO         1506    CODE                os_cpu_a.o
    0x08011d88   0x00000030   Code   RO         2300    i.__ARM_fpclassify  m_wm.l(fpclassify.o)
    0x08011db8   0x000000c8   Code   RO         2100    i.__hardfp_cos      m_wm.l(cos.o)
    0x08011e80   0x00000c38   Code   RO         2112    i.__hardfp_pow      m_wm.l(pow.o)
    0x08012ab8   0x000000c8   Code   RO         2126    i.__hardfp_sin      m_wm.l(sin.o)
    0x08012b80   0x0000007a   Code   RO         2138    i.__hardfp_sqrt     m_wm.l(sqrt.o)
    0x08012bfa   0x00000006   PAD
    0x08012c00   0x00000438   Code   RO         2305    i.__ieee754_rem_pio2  m_wm.l(rred.o)
    0x08013038   0x00000170   Code   RO         2277    i.__kernel_cos      m_wm.l(cos_i.o)
    0x080131a8   0x000000f8   Code   RO         2302    i.__kernel_poly     m_wm.l(poly.o)
    0x080132a0   0x00000130   Code   RO         2310    i.__kernel_sin      m_wm.l(sin_i.o)
    0x080133d0   0x00000030   Code   RO         2280    i.__mathlib_dbl_divzero  m_wm.l(dunder.o)
    0x08013400   0x00000014   Code   RO         2281    i.__mathlib_dbl_infnan  m_wm.l(dunder.o)
    0x08013414   0x00000014   Code   RO         2282    i.__mathlib_dbl_infnan2  m_wm.l(dunder.o)
    0x08013428   0x00000020   Code   RO         2283    i.__mathlib_dbl_invalid  m_wm.l(dunder.o)
    0x08013448   0x00000020   Code   RO         2284    i.__mathlib_dbl_overflow  m_wm.l(dunder.o)
    0x08013468   0x00000020   Code   RO         2286    i.__mathlib_dbl_underflow  m_wm.l(dunder.o)
    0x08013488   0x0000000e   Code   RO         2215    i._is_digit         c_w.l(__printf_wp.o)
    0x08013496   0x00000018   Code   RO         2296    i.fabs              m_wm.l(fabs.o)
    0x080134ae   0x0000006e   Code   RO         2140    i.sqrt              m_wm.l(sqrt.o)
    0x0801351c   0x0000002c   Code   RO         2398    locale$$code        c_w.l(lc_numeric_c.o)
    0x08013548   0x0000002c   Code   RO         2421    locale$$code        c_w.l(lc_ctype_c.o)
    0x08013574   0x00000018   Code   RO         2252    x$fpl$basic         fz_wm.l(basic.o)
    0x0801358c   0x00000062   Code   RO         2070    x$fpl$d2f           fz_wm.l(d2f.o)
    0x080135ee   0x00000002   PAD
    0x080135f0   0x00000150   Code   RO         2072    x$fpl$dadd          fz_wm.l(daddsub_clz.o)
    0x08013740   0x00000010   Code   RO         2356    x$fpl$dcheck1       fz_wm.l(dcheck1.o)
    0x08013750   0x00000018   Code   RO         2254    x$fpl$dcmpinf       fz_wm.l(dcmpi.o)
    0x08013768   0x000002b0   Code   RO         2079    x$fpl$ddiv          fz_wm.l(ddiv.o)
    0x08013a18   0x0000005e   Code   RO         2082    x$fpl$dfix          fz_wm.l(dfix.o)
    0x08013a76   0x0000002e   Code   RO         2087    x$fpl$dflt          fz_wm.l(dflt_clz.o)
    0x08013aa4   0x00000026   Code   RO         2086    x$fpl$dfltu         fz_wm.l(dflt_clz.o)
    0x08013aca   0x00000002   PAD
    0x08013acc   0x00000078   Code   RO         2092    x$fpl$dleqf         fz_wm.l(dleqf.o)
    0x08013b44   0x00000154   Code   RO         2094    x$fpl$dmul          fz_wm.l(dmul.o)
    0x08013c98   0x0000009c   Code   RO         2256    x$fpl$dnaninf       fz_wm.l(dnaninf.o)
    0x08013d34   0x0000000c   Code   RO         2258    x$fpl$dretinf       fz_wm.l(dretinf.o)
    0x08013d40   0x0000006c   Code   RO         2096    x$fpl$drleqf        fz_wm.l(drleqf.o)
    0x08013dac   0x00000016   Code   RO         2073    x$fpl$drsb          fz_wm.l(daddsub_clz.o)
    0x08013dc2   0x00000002   PAD
    0x08013dc4   0x00000198   Code   RO         2260    x$fpl$dsqrt         fz_wm.l(dsqrt_umaal.o)
    0x08013f5c   0x000001d4   Code   RO         2074    x$fpl$dsub          fz_wm.l(daddsub_clz.o)
    0x08014130   0x00000056   Code   RO         2098    x$fpl$f2d           fz_wm.l(f2d.o)
    0x08014186   0x0000008c   Code   RO         2262    x$fpl$fnaninf       fz_wm.l(fnaninf.o)
    0x08014212   0x0000000a   Code   RO         2491    x$fpl$fpinit        fz_wm.l(fpinit.o)
    0x0801421c   0x0000000a   Code   RO         2264    x$fpl$fretinf       fz_wm.l(fretinf.o)
    0x08014226   0x00000004   Code   RO         2266    x$fpl$printf1       fz_wm.l(printf1.o)
    0x0801422a   0x00000004   Code   RO         2268    x$fpl$printf2       fz_wm.l(printf2.o)
    0x0801422e   0x00000064   Code   RO         2414    x$fpl$retnan        fz_wm.l(retnan.o)
    0x08014292   0x0000005c   Code   RO         2274    x$fpl$scalbn        fz_wm.l(scalbn.o)
    0x080142ee   0x00000030   Code   RO         2474    x$fpl$trapveneer    fz_wm.l(trapv.o)
    0x0801431e   0x00000000   Code   RO         2276    x$fpl$usenofp       fz_wm.l(usenofp.o)
    0x0801431e   0x00000002   PAD
    0x08014320   0x00000104   Data   RO         1148    .constdata          cpu_core.o
    0x08014424   0x00000094   Data   RO         1228    .constdata          lib_str.o
    0x080144b8   0x000000a4   Data   RO         1249    .constdata          os_cfg_app.o
    0x0801455c   0x0000016c   Data   RO         1283    .constdata          os_dbg.o
    0x080146c8   0x000001ec   Data   RO         1527    .constdata          rbc_lcd.o
    0x080148b4   0x0000001c   Data   RO         2004    .constdata          throw_task.o
    0x080148d0   0x00000088   Data   RO         2115    .constdata          m_wm.l(pow.o)
    0x08014958   0x00000008   Data   RO         2174    .constdata          c_w.l(_printf_wctomb.o)
    0x08014960   0x00000028   Data   RO         2203    .constdata          c_w.l(_printf_hex_int_ll_ptr.o)
    0x08014988   0x00000011   Data   RO         2223    .constdata          c_w.l(__printf_flags_ss_wp.o)
    0x08014999   0x00000007   PAD
    0x080149a0   0x00000030   Data   RO         2278    .constdata          m_wm.l(cos_i.o)
    0x080149d0   0x00000008   Data   RO         2304    .constdata          m_wm.l(qnan.o)
    0x080149d8   0x000000c8   Data   RO         2307    .constdata          m_wm.l(rred.o)
    0x08014aa0   0x00000028   Data   RO         2311    .constdata          m_wm.l(sin_i.o)
    0x08014ac8   0x00000026   Data   RO         2345    .constdata          c_w.l(_printf_fp_hex.o)
    0x08014aee   0x00000002   PAD
    0x08014af0   0x00000094   Data   RO         2373    .constdata          c_w.l(bigflt0.o)
    0x08014b84   0x00000020   Data   RO         2546    Region$$Table       anon$$obj.o
    0x08014ba4   0x0000001c   Data   RO         2397    locale$$data        c_w.l(lc_numeric_c.o)
    0x08014bc0   0x00000110   Data   RO         2420    locale$$data        c_w.l(lc_ctype_c.o)


    Execution Region RW_IRAM1 (Base: 0x20000000, Size: 0x00006eb8, Max: 0x00020000, ABSOLUTE, COMPRESSED[0x00000044])

    Base Addr    Size         Type   Attr      Idx    E Section Name        Object

    0x20000000   0x0000002f   Data   RW          261    .data               stm32f4xx_it.o
    0x2000002f   0x00000001   PAD
    0x20000030   0x00000014   Data   RW          317    .data               system_stm32f4xx.o
    0x20000044   0x00000010   Data   RW          390    .data               stm32f4xx_rcc.o
    0x20000054   0x00000004   Data   RW         1067    .data               delay.o
    0x20000058   0x00000004   Data   RW         1149    .data               cpu_core.o
    0x2000005c   0x00000004   Data   RW         1210    .data               lib_mem.o
    0x20000060   0x00000008   Data   RW         1364    .data               os_prio.o
    0x20000068   0x000000c8   Data   RW         1467    .data               os_var.o
    0x20000130   0x00000004   Data   RW         1483    .data               os_cpu_c.o
    0x20000134   0x00000001   Data   RW         1733    .data               pci.o
    0x20000135   0x00000003   PAD
    0x20000138   0x00000004   Data   RW         1760    .data               exti.o
    0x2000013c   0x00000044   Data   RW         1875    .data               hand_task.o
    0x20000180   0x00000002   Data   RW         1900    .data               printf_task.o
    0x20000182   0x00000002   PAD
    0x20000184   0x00000012   Data   RW         1932    .data               command_task.o
    0x20000196   0x00000002   PAD
    0x20000198   0x0000002c   Data   RW         2005    .data               throw_task.o
    0x200001c4   0x00000fb4   Zero   RW          260    .bss                stm32f4xx_it.o
    0x20001178   0x00000010   Zero   RW         1147    .bss                cpu_core.o
    0x20001188   0x00000448   Zero   RW         1209    .bss                lib_mem.o
    0x200015d0   0x00001490   Zero   RW         1248    .bss                os_cfg_app.o
    0x20002a60   0x000006e0   Zero   RW         1466    .bss                os_var.o
    0x20003140   0x000002c4   Zero   RW         1799    .bss                app.o
    0x20003404   0x000002c4   Zero   RW         1822    .bss                iwdg_task.o
    0x200036c8   0x000004f4   Zero   RW         1845    .bss                motor_driver_task.o
    0x20003bbc   0x0000091e   Zero   RW         1874    .bss                hand_task.o
    0x200044da   0x00000002   PAD
    0x200044dc   0x000014e4   Zero   RW         1899    .bss                printf_task.o
    0x200059c0   0x000002c4   Zero   RW         1930    .bss                command_task.o
    0x20005c84   0x000002c4   Zero   RW         1956    .bss                connect_task.o
    0x20005f48   0x000002c4   Zero   RW         1979    .bss                display.o
    0x2000620c   0x00000384   Zero   RW         2003    .bss                throw_task.o
    0x20006590   0x000002c4   Zero   RW         2033    .bss                key.o
    0x20006854   0x00000060   Zero   RW         2359    .bss                c_w.l(libspace.o)
    0x200068b4   0x00000004   PAD
    0x200068b8   0x00000200   Zero   RW          341    HEAP                startup_stm32f40_41xxx.o
    0x20006ab8   0x00000400   Zero   RW          340    STACK               startup_stm32f40_41xxx.o


==============================================================================

Image component sizes


      Code (inc. data)   RO Data    RW Data    ZI Data      Debug   Object Name

       348         32          0          0        708       1449   app.o
       132         14          0          0          0       1211   bsp.o
       668          8          0          0          0       2316   can.o
         0          0          0         18        708       1355   command_task.o
       132         38          0          0        708       1328   connect_task.o
        52          0          0          0          0        332   cpu_a.o
       680         14        260          4         16      14643   cpu_core.o
       328         24          0          4          0       4507   delay.o
       332        128          0          0        708       2145   display.o
        96         10          0          4          0       1170   exti.o
        76         10          0          0          0        928   function.o
        66          0          0          0          0        974   gpio.o
       708        102          0         68       2334       3552   hand_task.o
       104         28          0          0        708       1361   iwdg_task.o
       328         66          0          0        708       1644   key.o
       598          0          0          0          0       3788   lib_ascii.o
      2502         32          0          4       1096      21920   lib_mem.o
       544          0          0          0          0        476   lib_mem_a.o
      2348          6        148          0          0      13194   lib_str.o
       172         10          0          0          0     336937   main.o
       224         20          0          0          0       1973   misc.o
      2008          8          0          0          0       8101   motor_control.o
         0          0          0          0       1268       1203   motor_driver_task.o
        34          0          0          0          0        654   nvic.o
       252        166        164          0       5264      20930   os_cfg_app.o
      3568        284          0          0          0      12217   os_core.o
       172         32          0          0          0        400   os_cpu_a.o
      1016         64          0          4          0       4049   os_cpu_c.o
       432        286        364          0          0       4785   os_dbg.o
      3624        110          0          0          0       7931   os_flag.o
      1092        146          0          0          0       2308   os_int.o
       568         20          0          0          0       2804   os_mem.o
       556         12          0          0          0       2815   os_msg.o
      2772        114          0          0          0       5622   os_mutex.o
       124          4          0          8          0       1928   os_prio.o
      2264         76          0          0          0       6300   os_q.o
      2096         70          0          0          0       6316   os_sem.o
      1592        180          0          0          0       2809   os_stat.o
      7092        270          0          0          0      13678   os_task.o
      1276         90          0          0          0       3413   os_tick.o
      1380         46          0          0          0       3205   os_time.o
      2072        140          0          0          0       6502   os_tmr.o
         0          0          0        200       1760      19349   os_var.o
      2116        176          0          1          0       4038   pci.o
       392         54          0          2       5348       4766   printf_task.o
       816         22        492          0          0       4051   rbc_lcd.o
        64         26        392          0       1536        840   startup_stm32f40_41xxx.o
      2544         38          0          0          0       8120   stm32f4xx_can.o
       272         10          0          0          0       2419   stm32f4xx_exti.o
       660         44          0          0          0       4245   stm32f4xx_gpio.o
      1984        188          0         47       4020     242643   stm32f4xx_it.o
        64          6          0          0          0       1389   stm32f4xx_iwdg.o
      1628         52          0         16          0      13068   stm32f4xx_rcc.o
       148         12          0          0          0       1909   stm32f4xx_syscfg.o
      3234         60          0          0          0      22448   stm32f4xx_tim.o
      1108         34          0          0          0       7948   stm32f4xx_usart.o
       528         46          0         20          0       1807   system_stm32f4xx.o
      4676        242         28         44        900       9175   throw_task.o
       844          8          0          0          0       2301   time.o

    ----------------------------------------------------------------------
     65512       3678       1880        452      27792     885689   Object Totals
         0          0         32          0          0          0   (incl. Generated)
         6          0          0          8          2          0   (incl. Padding)

    ----------------------------------------------------------------------

      Code (inc. data)   RO Data    RW Data    ZI Data      Debug   Library Member Name

        90          0          0          0          0          0   __dczerorl2.o
         8          0          0          0          0         68   __main.o
       392          4         17          0          0         92   __printf_flags_ss_wp.o
        14          0          0          0          0         68   __printf_wp.o
         0          0          0          0          0          0   __rtentry.o
        12          0          0          0          0          0   __rtentry2.o
         6          0          0          0          0          0   __rtentry4.o
        52          8          0          0          0          0   __scatter.o
        28          0          0          0          0          0   __scatter_zi.o
         6          0          0          0          0          0   _printf_a.o
         6          0          0          0          0          0   _printf_c.o
        44          0          0          0          0        108   _printf_char.o
        48          6          0          0          0         96   _printf_char_common.o
        40          0          0          0          0         68   _printf_charcount.o
         6          0          0          0          0          0   _printf_d.o
       120         16          0          0          0         92   _printf_dec.o
         6          0          0          0          0          0   _printf_e.o
         6          0          0          0          0          0   _printf_f.o
      1050          0          0          0          0        216   _printf_fp_dec.o
       764         10         38          0          0        100   _printf_fp_hex.o
       128         16          0          0          0         84   _printf_fp_infnan.o
         6          0          0          0          0          0   _printf_g.o
       148          4         40          0          0        160   _printf_hex_int_ll_ptr.o
         6          0          0          0          0          0   _printf_i.o
       178          0          0          0          0         88   _printf_intcommon.o
        10          0          0          0          0          0   _printf_l.o
         6          0          0          0          0          0   _printf_lc.o
        10          0          0          0          0          0   _printf_ll.o
         6          0          0          0          0          0   _printf_lld.o
         6          0          0          0          0          0   _printf_lli.o
         6          0          0          0          0          0   _printf_llo.o
         6          0          0          0          0          0   _printf_llu.o
         6          0          0          0          0          0   _printf_llx.o
       124         16          0          0          0         92   _printf_longlong_dec.o
         6          0          0          0          0          0   _printf_ls.o
         6          0          0          0          0          0   _printf_n.o
         6          0          0          0          0          0   _printf_o.o
       112          8          0          0          0        124   _printf_oct_int_ll.o
         6          0          0          0          0          0   _printf_p.o
        78          0          0          0          0        108   _printf_pad.o
         0          0          0          0          0          0   _printf_percent.o
         4          0          0          0          0          0   _printf_percent_end.o
         6          0          0          0          0          0   _printf_s.o
        82          0          0          0          0         80   _printf_str.o
        36          0          0          0          0         84   _printf_truncate.o
         6          0          0          0          0          0   _printf_u.o
        44          0          0          0          0        108   _printf_wchar.o
       188          6          8          0          0         92   _printf_wctomb.o
         6          0          0          0          0          0   _printf_x.o
        22          0          0          0          0        100   _rserrno.o
        10          0          0          0          0         68   _sputc.o
        64          0          0          0          0         92   _wcrtomb.o
       220          4        148          0          0         96   bigflt0.o
      1910        128          0          0          0        672   btod.o
        12          0          0          0          0         72   exit.o
         6          0          0          0          0        152   heapauxi.o
         0          0          0          0          0          0   indicate_semi.o
        44         10        272          0          0         76   lc_ctype_c.o
        44         10         28          0          0         76   lc_numeric_c.o
         2          0          0          0          0          0   libinit.o
        34          0          0          0          0          0   libinit2.o
         2          0          0          0          0          0   libshutdown.o
         2          0          0          0          0          0   libshutdown2.o
         8          4          0          0         96         68   libspace.o
       138          0          0          0          0         80   lludiv10.o
       238          0          0          0          0        100   lludivv7m.o
        16          4          0          0          0         76   rt_ctype_table.o
         8          4          0          0          0         68   rt_errno_addr_intlibspace.o
         8          4          0          0          0         68   rt_locale_intlibspace.o
       138          0          0          0          0         68   rt_memcpy_v6.o
       100          0          0          0          0         80   rt_memcpy_w.o
         2          0          0          0          0          0   rtexit.o
        10          0          0          0          0          0   rtexit2.o
       128          0          0          0          0         68   strcmpv7m.o
        62          0          0          0          0         76   strlen.o
        12          4          0          0          0         68   sys_exit.o
        74          0          0          0          0         80   sys_stackheap_outer.o
         2          0          0          0          0         68   use_no_semi.o
        36          4          0          0          0         76   vsprintf.o
        24          0          0          0          0        164   basic.o
        98          4          0          0          0        140   d2f.o
       826         16          0          0          0        492   daddsub_clz.o
        16          4          0          0          0        116   dcheck1.o
        24          0          0          0          0        116   dcmpi.o
       688        140          0          0          0        256   ddiv.o
        94          4          0          0          0        140   dfix.o
        84          0          0          0          0        232   dflt_clz.o
       120          4          0          0          0        140   dleqf.o
       340         12          0          0          0        152   dmul.o
       156          4          0          0          0        140   dnaninf.o
        12          0          0          0          0        116   dretinf.o
       108          0          0          0          0        128   drleqf.o
       408         56          0          0          0        168   dsqrt_umaal.o
        86          4          0          0          0        132   f2d.o
       140          4          0          0          0        132   fnaninf.o
        10          0          0          0          0        116   fpinit.o
        10          0          0          0          0        116   fretinf.o
         4          0          0          0          0        116   printf1.o
         4          0          0          0          0        116   printf2.o
       100          0          0          0          0        116   retnan.o
        92          0          0          0          0        116   scalbn.o
        48          0          0          0          0        116   trapv.o
         0          0          0          0          0          0   usenofp.o
       200         20          0          0          0        164   cos.o
       368         46         48          0          0        200   cos_i.o
       184         44          0          0          0        744   dunder.o
        24          0          0          0          0        124   fabs.o
        48          0          0          0          0        124   fpclassify.o
       248          0          0          0          0        152   poly.o
      3128        302        136          0          0        356   pow.o
         0          0          8          0          0          0   qnan.o
      1080        142        200          0          0        188   rred.o
       200         20          0          0          0        164   sin.o
       304         24         40          0          0        208   sin_i.o
       232          0          0          0          0        296   sqrt.o

    ----------------------------------------------------------------------
     16816       1120        992          0        100      10672   Library Totals
        26          0          9          0          4          0   (incl. Padding)

    ----------------------------------------------------------------------

      Code (inc. data)   RO Data    RW Data    ZI Data      Debug   Library Name

      7282        270        551          0         96       4376   c_w.l
      3492        252          0          0          0       3576   fz_wm.l
      6016        598        432          0          0       2720   m_wm.l

    ----------------------------------------------------------------------
     16816       1120        992          0        100      10672   Library Totals

    ----------------------------------------------------------------------

==============================================================================


      Code (inc. data)   RO Data    RW Data    ZI Data      Debug   

     82328       4798       2872        452      27892     878369   Grand Totals
     82328       4798       2872         68      27892     878369   ELF Image Totals (compressed)
     82328       4798       2872         68          0          0   ROM Totals

==============================================================================

    Total RO  Size (Code + RO Data)                85200 (  83.20kB)
    Total RW  Size (RW Data + ZI Data)             28344 (  27.68kB)
    Total ROM Size (Code + RO Data + RW Data)      85268 (  83.27kB)

==============================================================================

